Archive member included to satisfy reference by file (symbol)

/usr/lib/x86_64-linux-gnu/libc_nonshared.a(elf-init.oS)
                              /usr/lib/gcc/x86_64-linux-gnu/9/../../../x86_64-linux-gnu/Scrt1.o (__libc_csu_init)

Merging program properties


As-needed library included to satisfy reference by file (symbol)

libc.so.6                     CMakeFiles/project1.dir/rdebug.c.o (fflush@@GLIBC_2.2.5)

Discarded input sections

 .note.GNU-stack
                0x0000000000000000        0x0 /usr/lib/gcc/x86_64-linux-gnu/9/../../../x86_64-linux-gnu/Scrt1.o
 .note.gnu.property
                0x0000000000000000       0x20 /usr/lib/gcc/x86_64-linux-gnu/9/../../../x86_64-linux-gnu/crti.o
 .note.GNU-stack
                0x0000000000000000        0x0 /usr/lib/gcc/x86_64-linux-gnu/9/../../../x86_64-linux-gnu/crti.o
 .note.GNU-stack
                0x0000000000000000        0x0 /usr/lib/gcc/x86_64-linux-gnu/9/crtbeginS.o
 .note.gnu.property
                0x0000000000000000       0x20 /usr/lib/gcc/x86_64-linux-gnu/9/crtbeginS.o
 .group         0x0000000000000000        0xc CMakeFiles/project1.dir/file_reader.c.o
 .group         0x0000000000000000        0xc CMakeFiles/project1.dir/file_reader.c.o
 .group         0x0000000000000000        0xc CMakeFiles/project1.dir/file_reader.c.o
 .group         0x0000000000000000        0xc CMakeFiles/project1.dir/file_reader.c.o
 .group         0x0000000000000000        0xc CMakeFiles/project1.dir/file_reader.c.o
 .group         0x0000000000000000        0xc CMakeFiles/project1.dir/file_reader.c.o
 .group         0x0000000000000000        0xc CMakeFiles/project1.dir/file_reader.c.o
 .group         0x0000000000000000        0xc CMakeFiles/project1.dir/file_reader.c.o
 .group         0x0000000000000000        0xc CMakeFiles/project1.dir/file_reader.c.o
 .group         0x0000000000000000        0xc CMakeFiles/project1.dir/file_reader.c.o
 .group         0x0000000000000000        0xc CMakeFiles/project1.dir/file_reader.c.o
 .group         0x0000000000000000        0xc CMakeFiles/project1.dir/file_reader.c.o
 .group         0x0000000000000000        0xc CMakeFiles/project1.dir/file_reader.c.o
 .group         0x0000000000000000        0xc CMakeFiles/project1.dir/file_reader.c.o
 .group         0x0000000000000000        0xc CMakeFiles/project1.dir/file_reader.c.o
 .group         0x0000000000000000        0xc CMakeFiles/project1.dir/file_reader.c.o
 .group         0x0000000000000000        0xc CMakeFiles/project1.dir/file_reader.c.o
 .group         0x0000000000000000        0xc CMakeFiles/project1.dir/file_reader.c.o
 .group         0x0000000000000000        0xc CMakeFiles/project1.dir/file_reader.c.o
 .group         0x0000000000000000        0xc CMakeFiles/project1.dir/file_reader.c.o
 .group         0x0000000000000000        0xc CMakeFiles/project1.dir/file_reader.c.o
 .group         0x0000000000000000        0xc CMakeFiles/project1.dir/file_reader.c.o
 .group         0x0000000000000000        0xc CMakeFiles/project1.dir/file_reader.c.o
 .group         0x0000000000000000        0xc CMakeFiles/project1.dir/file_reader.c.o
 .group         0x0000000000000000        0xc CMakeFiles/project1.dir/file_reader.c.o
 .group         0x0000000000000000        0xc CMakeFiles/project1.dir/file_reader.c.o
 .group         0x0000000000000000        0xc CMakeFiles/project1.dir/file_reader.c.o
 .group         0x0000000000000000        0xc CMakeFiles/project1.dir/file_reader.c.o
 .group         0x0000000000000000        0xc CMakeFiles/project1.dir/file_reader.c.o
 .group         0x0000000000000000        0xc CMakeFiles/project1.dir/file_reader.c.o
 .group         0x0000000000000000        0xc CMakeFiles/project1.dir/file_reader.c.o
 .group         0x0000000000000000        0xc CMakeFiles/project1.dir/file_reader.c.o
 .group         0x0000000000000000        0xc CMakeFiles/project1.dir/file_reader.c.o
 .group         0x0000000000000000        0xc CMakeFiles/project1.dir/file_reader.c.o
 .group         0x0000000000000000        0xc CMakeFiles/project1.dir/file_reader.c.o
 .group         0x0000000000000000        0xc CMakeFiles/project1.dir/file_reader.c.o
 .group         0x0000000000000000        0xc CMakeFiles/project1.dir/file_reader.c.o
 .group         0x0000000000000000        0xc CMakeFiles/project1.dir/file_reader.c.o
 .group         0x0000000000000000        0xc CMakeFiles/project1.dir/file_reader.c.o
 .group         0x0000000000000000        0xc CMakeFiles/project1.dir/file_reader.c.o
 .group         0x0000000000000000        0xc CMakeFiles/project1.dir/file_reader.c.o
 .group         0x0000000000000000        0xc CMakeFiles/project1.dir/file_reader.c.o
 .group         0x0000000000000000        0xc CMakeFiles/project1.dir/file_reader.c.o
 .group         0x0000000000000000        0xc CMakeFiles/project1.dir/file_reader.c.o
 .group         0x0000000000000000        0xc CMakeFiles/project1.dir/file_reader.c.o
[...]
Memory Configuration

Name             Origin             Length             Attributes
*default*        0x0000000000000000 0xffffffffffffffff

Linker script and memory map

LOAD /usr/lib/gcc/x86_64-linux-gnu/9/../../../x86_64-linux-gnu/Scrt1.o
LOAD /usr/lib/gcc/x86_64-linux-gnu/9/../../../x86_64-linux-gnu/crti.o
LOAD /usr/lib/gcc/x86_64-linux-gnu/9/crtbeginS.o
LOAD CMakeFiles/project1.dir/file_reader.c.o
LOAD CMakeFiles/project1.dir/main.c.o
LOAD CMakeFiles/project1.dir/unit_helper_v2.c.o
LOAD CMakeFiles/project1.dir/unit_test_v2.c.o
LOAD CMakeFiles/project1.dir/rdebug.c.o
LOAD /usr/lib/gcc/x86_64-linux-gnu/9/../../../x86_64-linux-gnu/libm.so
START GROUP
LOAD /lib/x86_64-linux-gnu/libm.so.6
LOAD /lib/x86_64-linux-gnu/libmvec.so.1
END GROUP
LOAD /usr/lib/gcc/x86_64-linux-gnu/9/libgcc.a
LOAD /usr/lib/gcc/x86_64-linux-gnu/9/libgcc_s.so
START GROUP
LOAD /usr/lib/gcc/x86_64-linux-gnu/9/../../../x86_64-linux-gnu/libgcc_s.so.1
LOAD /usr/lib/gcc/x86_64-linux-gnu/9/libgcc.a
END GROUP
LOAD /usr/lib/gcc/x86_64-linux-gnu/9/../../../x86_64-linux-gnu/libc.so
START GROUP
LOAD /lib/x86_64-linux-gnu/libc.so.6
LOAD /usr/lib/x86_64-linux-gnu/libc_nonshared.a
LOAD /lib/x86_64-linux-gnu/ld-linux-x86-64.so.2
END GROUP
LOAD /usr/lib/gcc/x86_64-linux-gnu/9/libgcc.a
LOAD /usr/lib/gcc/x86_64-linux-gnu/9/libgcc_s.so
START GROUP
LOAD /usr/lib/gcc/x86_64-linux-gnu/9/../../../x86_64-linux-gnu/libgcc_s.so.1
LOAD /usr/lib/gcc/x86_64-linux-gnu/9/libgcc.a
END GROUP
LOAD /usr/lib/gcc/x86_64-linux-gnu/9/crtendS.o
LOAD /usr/lib/gcc/x86_64-linux-gnu/9/../../../x86_64-linux-gnu/crtn.o
                [!provide]                        PROVIDE (__executable_start = SEGMENT_START ("text-segment", 0x0))
                0x0000000000000318                . = (SEGMENT_START ("text-segment", 0x0) + SIZEOF_HEADERS)

.interp         0x0000000000000318       0x1c
 *(.interp)
 .interp        0x0000000000000318       0x1c /usr/lib/gcc/x86_64-linux-gnu/9/../../../x86_64-linux-gnu/Scrt1.o

.note.gnu.property
                0x0000000000000338       0x20
 .note.gnu.property
                0x0000000000000338       0x20 /usr/lib/gcc/x86_64-linux-gnu/9/../../../x86_64-linux-gnu/Scrt1.o

.note.gnu.build-id
                0x0000000000000358       0x24
 *(.note.gnu.build-id)
 .note.gnu.build-id
                0x0000000000000358       0x24 /usr/lib/gcc/x86_64-linux-gnu/9/../../../x86_64-linux-gnu/Scrt1.o

.note.ABI-tag   0x000000000000037c       0x20
 .note.ABI-tag  0x000000000000037c       0x20 /usr/lib/gcc/x86_64-linux-gnu/9/../../../x86_64-linux-gnu/Scrt1.o

.hash
 *(.hash)

.gnu.hash       0x00000000000003a0       0x34
 *(.gnu.hash)
 .gnu.hash      0x00000000000003a0       0x34 /usr/lib/gcc/x86_64-linux-gnu/9/../../../x86_64-linux-gnu/Scrt1.o

.dynsym         0x00000000000003d8      0x588
 *(.dynsym)
 .dynsym        0x00000000000003d8      0x588 /usr/lib/gcc/x86_64-linux-gnu/9/../../../x86_64-linux-gnu/Scrt1.o

.dynstr         0x0000000000000960      0x22b
 *(.dynstr)
 .dynstr        0x0000000000000960      0x22b /usr/lib/gcc/x86_64-linux-gnu/9/../../../x86_64-linux-gnu/Scrt1.o

.gnu.version    0x0000000000000b8c       0x76
 *(.gnu.version)
 .gnu.version   0x0000000000000b8c       0x76 /usr/lib/gcc/x86_64-linux-gnu/9/../../../x86_64-linux-gnu/Scrt1.o

.gnu.version_d  0x0000000000000c08        0x0
 *(.gnu.version_d)
 .gnu.version_d
                0x0000000000000c08        0x0 /usr/lib/gcc/x86_64-linux-gnu/9/../../../x86_64-linux-gnu/Scrt1.o

.gnu.version_r  0x0000000000000c08       0x50
 *(.gnu.version_r)
 .gnu.version_r
                0x0000000000000c08       0x50 /usr/lib/gcc/x86_64-linux-gnu/9/../../../x86_64-linux-gnu/Scrt1.o

.rela.dyn       0x0000000000000c58     0x1b18
 *(.rela.init)
 *(.rela.text .rela.text.* .rela.gnu.linkonce.t.*)
 .rela.text     0x0000000000000c58        0x0 /usr/lib/gcc/x86_64-linux-gnu/9/../../../x86_64-linux-gnu/Scrt1.o
 *(.rela.fini)
 *(.rela.rodata .rela.rodata.* .rela.gnu.linkonce.r.*)
 *(.rela.data .rela.data.* .rela.gnu.linkonce.d.*)
 .rela.data.rel.ro
                0x0000000000000c58        0x0 /usr/lib/gcc/x86_64-linux-gnu/9/../../../x86_64-linux-gnu/Scrt1.o
 .rela.data.rel.local
                0x0000000000000c58      0x558 /usr/lib/gcc/x86_64-linux-gnu/9/../../../x86_64-linux-gnu/Scrt1.o
 .rela.data     0x00000000000011b0     0x14b8 /usr/lib/gcc/x86_64-linux-gnu/9/../../../x86_64-linux-gnu/Scrt1.o
 *(.rela.tdata .rela.tdata.* .rela.gnu.linkonce.td.*)
 *(.rela.tbss .rela.tbss.* .rela.gnu.linkonce.tb.*)
 *(.rela.ctors)
 *(.rela.dtors)
 *(.rela.got)
 .rela.got      0x0000000000002668       0x78 /usr/lib/gcc/x86_64-linux-gnu/9/../../../x86_64-linux-gnu/Scrt1.o
 *(.rela.bss .rela.bss.* .rela.gnu.linkonce.b.*)
 .rela.bss      0x00000000000026e0       0x48 /usr/lib/gcc/x86_64-linux-gnu/9/../../../x86_64-linux-gnu/Scrt1.o
 *(.rela.ldata .rela.ldata.* .rela.gnu.linkonce.l.*)
 *(.rela.lbss .rela.lbss.* .rela.gnu.linkonce.lb.*)
 *(.rela.lrodata .rela.lrodata.* .rela.gnu.linkonce.lr.*)
 *(.rela.ifunc)
 .rela.ifunc    0x0000000000002728        0x0 /usr/lib/gcc/x86_64-linux-gnu/9/../../../x86_64-linux-gnu/Scrt1.o
 .rela.fini_array
                0x0000000000002728       0x18 /usr/lib/gcc/x86_64-linux-gnu/9/../../../x86_64-linux-gnu/Scrt1.o
 .rela.init_array
                0x0000000000002740       0x30 /usr/lib/gcc/x86_64-linux-gnu/9/../../../x86_64-linux-gnu/Scrt1.o

.rela.plt       0x0000000000002770      0x4b0
 *(.rela.plt)
 .rela.plt      0x0000000000002770      0x4b0 /usr/lib/gcc/x86_64-linux-gnu/9/../../../x86_64-linux-gnu/Scrt1.o
 *(.rela.iplt)
                0x0000000000003000                . = ALIGN (CONSTANT (MAXPAGESIZE))

.init           0x0000000000003000       0x1b
 *(SORT_NONE(.init))
 .init          0x0000000000003000       0x16 /usr/lib/gcc/x86_64-linux-gnu/9/../../../x86_64-linux-gnu/crti.o
                0x0000000000003000                _init
 .init          0x0000000000003016        0x5 /usr/lib/gcc/x86_64-linux-gnu/9/../../../x86_64-linux-gnu/crtn.o

.plt            0x0000000000003020      0x330
 *(.plt)
 .plt           0x0000000000003020      0x330 /usr/lib/gcc/x86_64-linux-gnu/9/../../../x86_64-linux-gnu/Scrt1.o
 *(.iplt)

.plt.got        0x0000000000003350       0x10
 *(.plt.got)
 .plt.got       0x0000000000003350       0x10 /usr/lib/gcc/x86_64-linux-gnu/9/../../../x86_64-linux-gnu/Scrt1.o
                0x0000000000003350                __cxa_finalize@@GLIBC_2.2.5

.plt.sec        0x0000000000003360      0x320
 *(.plt.sec)
 .plt.sec       0x0000000000003360      0x320 /usr/lib/gcc/x86_64-linux-gnu/9/../../../x86_64-linux-gnu/Scrt1.o
                0x0000000000003360                raise@@GLIBC_2.2.5
                0x0000000000003370                free@@GLIBC_2.2.5
                0x0000000000003380                putchar@@GLIBC_2.2.5
                0x0000000000003390                abort@@GLIBC_2.2.5
                0x00000000000033a0                __errno_location@@GLIBC_2.2.5
                0x00000000000033b0                strncpy@@GLIBC_2.2.5
                0x00000000000033c0                strcpy@@GLIBC_2.2.5
                0x00000000000033d0                toupper@@GLIBC_2.2.5
                0x00000000000033e0                puts@@GLIBC_2.2.5
                0x00000000000033f0                fread@@GLIBC_2.2.5
                0x0000000000003400                fcntl@@GLIBC_2.2.5
                0x0000000000003410                fclose@@GLIBC_2.2.5
                0x0000000000003420                strlen@@GLIBC_2.2.5
                0x0000000000003430                __stack_chk_fail@@GLIBC_2.4
                0x0000000000003440                printf@@GLIBC_2.2.5
                0x0000000000003450                snprintf@@GLIBC_2.2.5
                0x0000000000003460                strrchr@@GLIBC_2.2.5
                0x0000000000003470                __assert_fail@@GLIBC_2.2.5
                0x0000000000003480                memset@@GLIBC_2.2.5
                0x0000000000003490                strncat@@GLIBC_2.2.5
                0x00000000000034a0                fputc@@GLIBC_2.2.5
                0x00000000000034b0                srand@@GLIBC_2.2.5
                0x00000000000034c0                memcmp@@GLIBC_2.2.5
                0x00000000000034d0                _setjmp@@GLIBC_2.2.5
                0x00000000000034e0                strcmp@@GLIBC_2.2.5
                0x00000000000034f0                getchar@@GLIBC_2.2.5
                0x0000000000003500                signal@@GLIBC_2.2.5
                0x0000000000003510                fprintf@@GLIBC_2.2.5
                0x0000000000003520                strtol@@GLIBC_2.2.5
                0x0000000000003530                memcpy@@GLIBC_2.14
                0x0000000000003540                time@@GLIBC_2.2.5
                0x0000000000003550                malloc@@GLIBC_2.2.5
                0x0000000000003560                fflush@@GLIBC_2.2.5
                0x0000000000003570                ungetc@@GLIBC_2.2.5
                0x0000000000003580                vprintf@@GLIBC_2.2.5
                0x0000000000003590                fseek@@GLIBC_2.2.5
                0x00000000000035a0                setrlimit@@GLIBC_2.2.5
                0x00000000000035b0                strsignal@@GLIBC_2.2.5
                0x00000000000035c0                realloc@@GLIBC_2.2.5
                0x00000000000035d0                longjmp@@GLIBC_2.2.5
                0x00000000000035e0                memmove@@GLIBC_2.2.5
                0x00000000000035f0                fopen@@GLIBC_2.2.5
                0x0000000000003600                strtok@@GLIBC_2.2.5
                0x0000000000003610                strcat@@GLIBC_2.2.5
                0x0000000000003620                exit@@GLIBC_2.2.5
                0x0000000000003630                fwrite@@GLIBC_2.2.5
                0x0000000000003640                getrlimit@@GLIBC_2.2.5
                0x0000000000003650                strdup@@GLIBC_2.2.5
                0x0000000000003660                strerror@@GLIBC_2.2.5
                0x0000000000003670                __ctype_b_loc@@GLIBC_2.3

.text           0x0000000000003680    0x2cc75
 *(.text.unlikely .text.*_unlikely .text.unlikely.*)
 *(.text.exit .text.exit.*)
 *(.text.startup .text.startup.*)
 *(.text.hot .text.hot.*)
 *(SORT_BY_NAME(.text.sorted.*))
 *(.text .stub .text.* .gnu.linkonce.t.*)
 .text          0x0000000000003680       0x2f /usr/lib/gcc/x86_64-linux-gnu/9/../../../x86_64-linux-gnu/Scrt1.o
                0x0000000000003680                _start
 .text          0x00000000000036af        0x0 /usr/lib/gcc/x86_64-linux-gnu/9/../../../x86_64-linux-gnu/crti.o
 *fill*         0x00000000000036af        0x1 
 .text          0x00000000000036b0       0xb9 /usr/lib/gcc/x86_64-linux-gnu/9/crtbeginS.o
 .text          0x0000000000003769     0x33df CMakeFiles/project1.dir/file_reader.c.o
                0x0000000000003769                get_fat16_chain
                0x000000000000393e                trim_filename
                0x0000000000003a29                all_to_upper
                0x0000000000003aab                count_higher_tier_callbacks
                0x0000000000003b71                count_child_callbacks
                0x0000000000003c58                validate_filename
                0x0000000000003e01                read_dirs
                0x00000000000040e4                free_dirs
                0x0000000000004175                disk_open_from_file
                0x0000000000004261                disk_read
                0x00000000000043e9                disk_close
                0x0000000000004478                fat_open
                0x0000000000004b81                fat_close
                0x0000000000004c69                file_open
                0x0000000000005530                file_close
                0x000000000000563c                file_read
                0x0000000000005b0f                file_seek
                0x0000000000005c41                dir_open
                0x00000000000064dc                dir_read
                0x0000000000006a5c                dir_close
 .text          0x0000000000006b48        0xf CMakeFiles/project1.dir/main.c.o
                0x0000000000006b48                main
 .text          0x0000000000006b57      0xb16 CMakeFiles/project1.dir/unit_helper_v2.c.o
                0x0000000000006b57                unit_test_init
                0x0000000000006bcb                test_title
                0x0000000000006c02                test_start
                0x0000000000006c89                test_summary
                0x0000000000006d36                test_result_internal
                0x0000000000006fdb                test_terminate_session
                0x0000000000006ffc                test_get_session_termination_flag
                0x000000000000700c                test_set_session_leaks
                0x0000000000007023                test_single_has_failed
                0x000000000000703b                test_session_get_fail_count
                0x000000000000704b                mem_find_first_difference
                0x00000000000070f5                mem_get_byte
                0x000000000000711e                mem_dump_diff
                0x000000000000731c                mem_compare
                0x000000000000737d                test_internal_error
                0x0000000000007404                test_limit_init
                0x0000000000007425                test_memory_limit_setup
                0x00000000000074f7                test_memory_limit_restore
                0x0000000000007502                test_signal_handler
                0x000000000000756b                test_file_write_limit_setup
                0x0000000000007618                test_file_write_limit_restore
 .text          0x000000000000766d    0x251db CMakeFiles/project1.dir/unit_test_v2.c.o
                0x000000000000766d                UTEST1
                0x0000000000007770                UTEST2
                0x0000000000007871                UTEST3
                0x000000000000792b                UTEST4
                0x0000000000007aa1                UTEST5
                0x0000000000007ba7                UTEST6
                0x00000000000081c0                UTEST7
                0x00000000000086c8                UTEST8
                0x0000000000008b92                UTEST9
                0x00000000000090e9                UTEST10
                0x0000000000009640                UTEST11
                0x0000000000009b90                UTEST12
                0x000000000000a054                UTEST13
                0x000000000000a66d                UTEST14
                0x000000000000ab75                UTEST15
                0x000000000000b03f                UTEST16
                0x000000000000b596                UTEST17
                0x000000000000baed                UTEST18
                0x000000000000c03d                UTEST19
                0x000000000000c501                UTEST20
                0x000000000000cb1a                UTEST21
                0x000000000000d022                UTEST22
                0x000000000000d4ec                UTEST23
                0x000000000000da43                UTEST24
                0x000000000000df9a                UTEST25
                0x000000000000e4ea                UTEST26
                0x000000000000e9ae                UTEST27
                0x000000000000ede6                UTEST28
                0x000000000000f2a4                UTEST29
                0x000000000000f6d6                UTEST30
                0x000000000000fcc5                UTEST31
                0x00000000000100f7                UTEST32
                0x00000000000105ac                UTEST33
                0x00000000000109dd                UTEST34
                0x0000000000010e15                UTEST35
                0x000000000001123d                UTEST36
                0x0000000000011665                UTEST37
                0x0000000000011c37                UTEST38
                0x0000000000012068                UTEST39
                0x000000000001252d                UTEST40
                0x0000000000012965                UTEST41
                0x0000000000012d8d                UTEST42
                0x000000000001324b                UTEST43
                0x0000000000013689                UTEST44
                0x0000000000013abb                UTEST45
                0x0000000000013eec                UTEST46
                0x000000000001432a                UTEST47
                0x00000000000147ef                UTEST48
                0x0000000000014c26                UTEST49
                0x00000000000150f1                UTEST50
                0x0000000000015523                UTEST51
                0x00000000000159e1                UTEST52
                0x0000000000015ea5                UTEST53
                0x00000000000162d6                UTEST54
                0x0000000000016707                UTEST55
                0x0000000000016b38                UTEST56
                0x0000000000016ff6                UTEST57
                0x00000000000174c1                UTEST58
                0x00000000000178f2                UTEST59
                0x0000000000017db6                UTEST60
                0x00000000000181ee                UTEST61
                0x0000000000018620                UTEST62
                0x0000000000018a52                UTEST63
                0x0000000000018f11                UTEST64
                0x0000000000019342                UTEST65
                0x0000000000019780                UTEST66
                0x0000000000019bb8                UTEST67
                0x0000000000019fe9                UTEST68
                0x000000000001a420                UTEST69
                0x000000000001a852                UTEST70
                0x000000000001ac84                UTEST71
                0x000000000001b142                UTEST72
                0x000000000001b579                UTEST73
                0x000000000001b9a1                UTEST74
                0x000000000001be65                UTEST75
                0x000000000001c296                UTEST76
                0x000000000001c6c7                UTEST77
                0x000000000001cac5                UTEST78
                0x000000000001cf7a                UTEST79
                0x000000000001d3ac                UTEST80
                0x000000000001d7e4                UTEST81
                0x000000000001dc22                UTEST82
                0x000000000001e053                UTEST83
                0x000000000001e48b                UTEST84
                0x000000000001e8c9                UTEST85
                0x000000000001ed87                UTEST86
                0x000000000001f245                UTEST87
                0x000000000001f703                UTEST88
                0x000000000001fb34                UTEST89
                0x000000000001ff5c                UTEST90
                0x000000000002041a                UTEST91
                0x00000000000208d8                UTEST92
                0x0000000000020d46                UTEST93
                0x0000000000021177                UTEST94
                0x000000000002163c                UTEST95
                0x0000000000021b07                UTEST96
                0x0000000000021f3f                UTEST97
                0x0000000000022370                UTEST98
                0x0000000000022825                UTEST99
                0x0000000000022c4d                UTEST100
                0x0000000000023270                UTEST101
                0x0000000000024be7                UTEST102
                0x00000000000250dc                UTEST103
                0x0000000000025693                UTEST104
                0x0000000000025ba1                UTEST105
                0x0000000000025d9f                UTEST106
                0x0000000000025f9d                UTEST107
                0x000000000002619b                UTEST108
                0x0000000000026399                UTEST109
                0x0000000000026597                UTEST110
                0x0000000000026795                UTEST111
                0x0000000000026993                UTEST112
                0x0000000000026b91                UTEST113
                0x0000000000026d8f                UTEST114
                0x0000000000026f8d                UTEST115
                0x000000000002718b                UTEST116
                0x0000000000027389                UTEST117
                0x0000000000027587                UTEST118
                0x0000000000027785                UTEST119
                0x0000000000027983                UTEST120
                0x0000000000027b81                UTEST121
                0x0000000000027d7f                UTEST122
                0x0000000000027f7d                UTEST123
                0x000000000002817b                UTEST124
                0x0000000000028377                UTEST125
                0x0000000000028573                UTEST126
                0x000000000002876d                UTEST127
                0x0000000000028827                UTEST128
                0x0000000000028aa5                UTEST129
                0x0000000000029009                UTEST130
                0x00000000000294c8                UTEST131
                0x0000000000029a05                UTEST132
                0x0000000000029c03                UTEST133
                0x0000000000029e01                UTEST134
                0x0000000000029fff                UTEST135
                0x000000000002a1fd                UTEST136
                0x000000000002a3fb                UTEST137
                0x000000000002a5f9                UTEST138
                0x000000000002a7f7                UTEST139
                0x000000000002a9f5                UTEST140
                0x000000000002abf3                UTEST141
                0x000000000002adf1                UTEST142
                0x000000000002afef                UTEST143
                0x000000000002b1ed                UTEST144
                0x000000000002b3eb                UTEST145
                0x000000000002b5e9                UTEST146
                0x000000000002b7e7                UTEST147
                0x000000000002b9e5                UTEST148
                0x000000000002bbe3                UTEST149
                0x000000000002bde1                UTEST150
                0x000000000002bfdf                UTEST151
                0x000000000002c1dd                UTEST152
                0x000000000002c3db                __wrap_main
 .text          0x000000000002c848     0x3a37 CMakeFiles/project1.dir/rdebug.c.o
                0x000000000002cd17                print_source_location
                0x000000000002d0ad                _rldebug_heap_wrapper
                0x000000000002e46e                _rldebug_str_wrapper
                0x000000000002ee21                _rldebug_io_wrapper
                0x000000000002f1f6                _rldebug_stdlib_noreturn_wrapper
                0x000000000002f338                rldebug_show_leaked_resources
                0x000000000002f8eb                rldebug_heap_get_leak_size
                0x000000000002f93b                rldebug_get_block_size
                0x000000000002fee9                rldebug_reset_limits
                0x000000000002ff80                rldebug_heap_set_global_limit
                0x000000000002ffc0                rldebug_heap_disable_all_functions
                0x000000000002ffd7                rldebug_heap_set_function_singleshot_limit
                0x000000000003003a                rldebug_heap_set_function_cumulative_limit
                0x000000000003009d                rldebug_set_function_success_limit
                0x0000000000030100                rldebug_set_reported_severity_level
                0x0000000000030117                remove_single_newline
                0x000000000003019f                rdebug_call_main
 *fill*         0x000000000003027f        0x1 
 .text          0x0000000000030280       0x75 /usr/lib/x86_64-linux-gnu/libc_nonshared.a(elf-init.oS)
                0x0000000000030280                __libc_csu_init
                0x00000000000302f0                __libc_csu_fini
 .text          0x00000000000302f5        0x0 /usr/lib/gcc/x86_64-linux-gnu/9/crtendS.o
 .text          0x00000000000302f5        0x0 /usr/lib/gcc/x86_64-linux-gnu/9/../../../x86_64-linux-gnu/crtn.o
 *(.gnu.warning)

.fini           0x00000000000302f8        0xd
 *(SORT_NONE(.fini))
 .fini          0x00000000000302f8        0x8 /usr/lib/gcc/x86_64-linux-gnu/9/../../../x86_64-linux-gnu/crti.o
                0x00000000000302f8                _fini
 .fini          0x0000000000030300        0x5 /usr/lib/gcc/x86_64-linux-gnu/9/../../../x86_64-linux-gnu/crtn.o
                [!provide]                        PROVIDE (__etext = .)
                [!provide]                        PROVIDE (_etext = .)
                [!provide]                        PROVIDE (etext = .)
                0x0000000000031000                . = ALIGN (CONSTANT (MAXPAGESIZE))
                0x0000000000031000                . = SEGMENT_START ("rodata-segment", (ALIGN (CONSTANT (MAXPAGESIZE)) + (. & (CONSTANT (MAXPAGESIZE) - 0x1))))

.rodata         0x0000000000031000    0x3c3e1
 *(.rodata .rodata.* .gnu.linkonce.r.*)
 .rodata.cst4   0x0000000000031000        0x4 /usr/lib/gcc/x86_64-linux-gnu/9/../../../x86_64-linux-gnu/Scrt1.o
                0x0000000000031000                _IO_stdin_used
 *fill*         0x0000000000031004        0x4 
 .rodata        0x0000000000031008      0x144 CMakeFiles/project1.dir/file_reader.c.o
 *fill*         0x000000000003114c        0x4 
 .rodata        0x0000000000031150      0x5f4 CMakeFiles/project1.dir/unit_helper_v2.c.o
 *fill*         0x0000000000031744        0x4 
 .rodata        0x0000000000031748    0x3a24b CMakeFiles/project1.dir/unit_test_v2.c.o
 *fill*         0x000000000006b993        0xd 
 .rodata        0x000000000006b9a0     0x1a41 CMakeFiles/project1.dir/rdebug.c.o

.rodata1
 *(.rodata1)

.eh_frame_hdr   0x000000000006d3e4      0x74c
 *(.eh_frame_hdr)
 .eh_frame_hdr  0x000000000006d3e4      0x74c /usr/lib/gcc/x86_64-linux-gnu/9/../../../x86_64-linux-gnu/Scrt1.o
                0x000000000006d3e4                __GNU_EH_FRAME_HDR
 *(.eh_frame_entry .eh_frame_entry.*)

.eh_frame       0x000000000006db30     0x1d98
 *(.eh_frame)
 .eh_frame      0x000000000006db30       0x30 /usr/lib/gcc/x86_64-linux-gnu/9/../../../x86_64-linux-gnu/Scrt1.o
                                         0x2c (size before relaxing)
 *fill*         0x000000000006db60        0x0 
 .eh_frame      0x000000000006db60       0x28 /usr/lib/gcc/x86_64-linux-gnu/9/../../../x86_64-linux-gnu/Scrt1.o
                                         0x40 (size before relaxing)
 .eh_frame      0x000000000006db88       0x18 /usr/lib/gcc/x86_64-linux-gnu/9/../../../x86_64-linux-gnu/Scrt1.o
                                         0x30 (size before relaxing)
 .eh_frame      0x000000000006dba0       0x18 /usr/lib/gcc/x86_64-linux-gnu/9/../../../x86_64-linux-gnu/Scrt1.o
                                         0x30 (size before relaxing)
 .eh_frame      0x000000000006dbb8      0x288 CMakeFiles/project1.dir/file_reader.c.o
                                        0x2a0 (size before relaxing)
 .eh_frame      0x000000000006de40       0x20 CMakeFiles/project1.dir/main.c.o
                                         0x38 (size before relaxing)
 .eh_frame      0x000000000006de60      0x2a0 CMakeFiles/project1.dir/unit_helper_v2.c.o
                                        0x2b8 (size before relaxing)
 .eh_frame      0x000000000006e100     0x1380 CMakeFiles/project1.dir/unit_test_v2.c.o
                                       0x1398 (size before relaxing)
 .eh_frame      0x000000000006f480      0x3e8 CMakeFiles/project1.dir/rdebug.c.o
                                        0x400 (size before relaxing)
 .eh_frame      0x000000000006f868       0x5c /usr/lib/x86_64-linux-gnu/libc_nonshared.a(elf-init.oS)
                                         0x78 (size before relaxing)
 .eh_frame      0x000000000006f8c4        0x4 /usr/lib/gcc/x86_64-linux-gnu/9/crtendS.o
 *(.eh_frame.*)

.gcc_except_table
 *(.gcc_except_table .gcc_except_table.*)

.gnu_extab
 *(.gnu_extab*)

.exception_ranges
 *(.exception_ranges*)
                0x0000000000070c28                . = DATA_SEGMENT_ALIGN (CONSTANT (MAXPAGESIZE), CONSTANT (COMMONPAGESIZE))

.eh_frame
 *(.eh_frame)
 *(.eh_frame.*)

.gnu_extab
 *(.gnu_extab)

.gcc_except_table
 *(.gcc_except_table .gcc_except_table.*)

.exception_ranges
 *(.exception_ranges*)

.tdata          0x0000000000070c28        0x0
                [!provide]                        PROVIDE (__tdata_start = .)
 *(.tdata .tdata.* .gnu.linkonce.td.*)

.tbss
 *(.tbss .tbss.* .gnu.linkonce.tb.*)
 *(.tcommon)

.preinit_array  0x0000000000070c28        0x0
                [!provide]                        PROVIDE (__preinit_array_start = .)
 *(.preinit_array)
                [!provide]                        PROVIDE (__preinit_array_end = .)

.init_array     0x0000000000070c28       0x10
                0x0000000000070c28                PROVIDE (__init_array_start = .)
 *(SORT_BY_INIT_PRIORITY(.init_array.*) SORT_BY_INIT_PRIORITY(.ctors.*))
 *(.init_array EXCLUDE_FILE(*crtend?.o *crtend.o *crtbegin?.o *crtbegin.o) .ctors)
 .init_array    0x0000000000070c28        0x8 /usr/lib/gcc/x86_64-linux-gnu/9/crtbeginS.o
 .init_array    0x0000000000070c30        0x8 CMakeFiles/project1.dir/rdebug.c.o
                0x0000000000070c38                PROVIDE (__init_array_end = .)

.fini_array     0x0000000000070c38        0x8
                [!provide]                        PROVIDE (__fini_array_start = .)
 *(SORT_BY_INIT_PRIORITY(.fini_array.*) SORT_BY_INIT_PRIORITY(.dtors.*))
 *(.fini_array EXCLUDE_FILE(*crtend?.o *crtend.o *crtbegin?.o *crtbegin.o) .dtors)
 .fini_array    0x0000000000070c38        0x8 /usr/lib/gcc/x86_64-linux-gnu/9/crtbeginS.o
                [!provide]                        PROVIDE (__fini_array_end = .)

.ctors
 *crtbegin.o(.ctors)
 *crtbegin?.o(.ctors)
 *(EXCLUDE_FILE(*crtend?.o *crtend.o) .ctors)
 *(SORT_BY_NAME(.ctors.*))
 *(.ctors)

.dtors
 *crtbegin.o(.dtors)
 *crtbegin?.o(.dtors)
 *(EXCLUDE_FILE(*crtend?.o *crtend.o) .dtors)
 *(SORT_BY_NAME(.dtors.*))
 *(.dtors)

.jcr
 *(.jcr)

.data.rel.ro    0x0000000000070c40        0x0
 *(.data.rel.ro.local* .gnu.linkonce.d.rel.ro.local.*)
 *(.data.rel.ro .data.rel.ro.* .gnu.linkonce.d.rel.ro.*)
 .data.rel.ro   0x0000000000070c40        0x0 /usr/lib/gcc/x86_64-linux-gnu/9/../../../x86_64-linux-gnu/Scrt1.o

.dynamic        0x0000000000070c40      0x1f0
 *(.dynamic)
 .dynamic       0x0000000000070c40      0x1f0 /usr/lib/gcc/x86_64-linux-gnu/9/../../../x86_64-linux-gnu/Scrt1.o
                0x0000000000070c40                _DYNAMIC

.got            0x0000000000070e30      0x1d0
 *(.got.plt)
 .got.plt       0x0000000000070e30      0x1a8 /usr/lib/gcc/x86_64-linux-gnu/9/../../../x86_64-linux-gnu/Scrt1.o
                0x0000000000070e30                _GLOBAL_OFFSET_TABLE_
 *(.igot.plt)
 *(.got)
 .got           0x0000000000070fd8       0x28 /usr/lib/gcc/x86_64-linux-gnu/9/../../../x86_64-linux-gnu/Scrt1.o
 *(.igot)
                0x0000000000071000                . = DATA_SEGMENT_RELRO_END (., 0x0)

.data           0x0000000000071000      0x910
 *(.data .data.* .gnu.linkonce.d.*)
 .data          0x0000000000071000        0x4 /usr/lib/gcc/x86_64-linux-gnu/9/../../../x86_64-linux-gnu/Scrt1.o
                0x0000000000071000                data_start
                0x0000000000071000                __data_start
 .data          0x0000000000071004        0x0 /usr/lib/gcc/x86_64-linux-gnu/9/../../../x86_64-linux-gnu/crti.o
 .data          0x0000000000071004        0x0 /usr/lib/gcc/x86_64-linux-gnu/9/crtbeginS.o
 *fill*         0x0000000000071004        0x4 
 .data.rel.local
                0x0000000000071008        0x8 /usr/lib/gcc/x86_64-linux-gnu/9/crtbeginS.o
                0x0000000000071008                __dso_handle
 .data          0x0000000000071010        0x0 CMakeFiles/project1.dir/file_reader.c.o
 .data          0x0000000000071010        0x0 CMakeFiles/project1.dir/main.c.o
 .data          0x0000000000071010        0x0 CMakeFiles/project1.dir/unit_helper_v2.c.o
 *fill*         0x0000000000071010       0x10 
 .data          0x0000000000071020      0x708 CMakeFiles/project1.dir/unit_test_v2.c.o
 .data          0x0000000000071728        0x0 CMakeFiles/project1.dir/rdebug.c.o
 *fill*         0x0000000000071728       0x18 
 .data.rel.local
                0x0000000000071740      0x1d0 CMakeFiles/project1.dir/rdebug.c.o
 .data          0x0000000000071910        0x0 /usr/lib/x86_64-linux-gnu/libc_nonshared.a(elf-init.oS)
 .data          0x0000000000071910        0x0 /usr/lib/gcc/x86_64-linux-gnu/9/crtendS.o
 .data          0x0000000000071910        0x0 /usr/lib/gcc/x86_64-linux-gnu/9/../../../x86_64-linux-gnu/crtn.o

.tm_clone_table
                0x0000000000071910        0x0
 .tm_clone_table
                0x0000000000071910        0x0 /usr/lib/gcc/x86_64-linux-gnu/9/crtbeginS.o
 .tm_clone_table
                0x0000000000071910        0x0 /usr/lib/gcc/x86_64-linux-gnu/9/crtendS.o

.data1
 *(.data1)
                0x0000000000071910                _edata = .
                [!provide]                        PROVIDE (edata = .)
                0x0000000000071910                . = .
                0x0000000000071910                __bss_start = .

.bss            0x0000000000071920      0x3e0
 *(.dynbss)
 .dynbss        0x0000000000071920       0x28 /usr/lib/gcc/x86_64-linux-gnu/9/../../../x86_64-linux-gnu/Scrt1.o
                0x0000000000071920                stdout@@GLIBC_2.2.5
                0x0000000000071930                stdin@@GLIBC_2.2.5
                0x0000000000071940                stderr@@GLIBC_2.2.5
 *(.bss .bss.* .gnu.linkonce.b.*)
 .bss           0x0000000000071948        0x0 /usr/lib/gcc/x86_64-linux-gnu/9/../../../x86_64-linux-gnu/Scrt1.o
 .bss           0x0000000000071948        0x0 /usr/lib/gcc/x86_64-linux-gnu/9/../../../x86_64-linux-gnu/crti.o
 .bss           0x0000000000071948        0x1 /usr/lib/gcc/x86_64-linux-gnu/9/crtbeginS.o
 .bss           0x0000000000071949        0x0 CMakeFiles/project1.dir/file_reader.c.o
 .bss           0x0000000000071949        0x0 CMakeFiles/project1.dir/main.c.o
 *fill*         0x0000000000071949       0x17 
 .bss           0x0000000000071960       0x90 CMakeFiles/project1.dir/unit_helper_v2.c.o
 .bss           0x00000000000719f0        0x0 CMakeFiles/project1.dir/unit_test_v2.c.o
 *fill*         0x00000000000719f0       0x10 
 .bss           0x0000000000071a00      0x300 CMakeFiles/project1.dir/rdebug.c.o
 .bss           0x0000000000071d00        0x0 /usr/lib/x86_64-linux-gnu/libc_nonshared.a(elf-init.oS)
 .bss           0x0000000000071d00        0x0 /usr/lib/gcc/x86_64-linux-gnu/9/crtendS.o
 .bss           0x0000000000071d00        0x0 /usr/lib/gcc/x86_64-linux-gnu/9/../../../x86_64-linux-gnu/crtn.o
 *(COMMON)
                0x0000000000071d00                . = ALIGN ((. != 0x0)?0x8:0x1)

.lbss
 *(.dynlbss)
 *(.lbss .lbss.* .gnu.linkonce.lb.*)
 *(LARGE_COMMON)
                0x0000000000071d00                . = ALIGN (0x8)
                0x0000000000071d00                . = SEGMENT_START ("ldata-segment", .)

.lrodata
 *(.lrodata .lrodata.* .gnu.linkonce.lr.*)

.ldata          0x0000000000073d00        0x0
 *(.ldata .ldata.* .gnu.linkonce.l.*)
                0x0000000000073d00                . = ALIGN ((. != 0x0)?0x8:0x1)
                0x0000000000073d00                . = ALIGN (0x8)
                0x0000000000071d00                _end = .
                [!provide]                        PROVIDE (end = .)
                0x0000000000073d00                . = DATA_SEGMENT_END (.)

.stab
 *(.stab)

.stabstr
 *(.stabstr)

.stab.excl
 *(.stab.excl)

.stab.exclstr
 *(.stab.exclstr)

.stab.index
 *(.stab.index)

.stab.indexstr
 *(.stab.indexstr)

.comment        0x0000000000000000       0x2a
 *(.comment)
 .comment       0x0000000000000000       0x2a /usr/lib/gcc/x86_64-linux-gnu/9/crtbeginS.o
                                         0x2b (size before relaxing)
 .comment       0x000000000000002a       0x2b CMakeFiles/project1.dir/file_reader.c.o
 .comment       0x000000000000002a       0x2b CMakeFiles/project1.dir/main.c.o
 .comment       0x000000000000002a       0x2b CMakeFiles/project1.dir/unit_helper_v2.c.o
 .comment       0x000000000000002a       0x2b CMakeFiles/project1.dir/unit_test_v2.c.o
 .comment       0x000000000000002a       0x2b CMakeFiles/project1.dir/rdebug.c.o
 .comment       0x000000000000002a       0x2b /usr/lib/gcc/x86_64-linux-gnu/9/crtendS.o

.gnu.build.attributes
 *(.gnu.build.attributes .gnu.build.attributes.*)

.debug
 *(.debug)

.line
 *(.line)

.debug_srcinfo
 *(.debug_srcinfo)

.debug_sfnames
 *(.debug_sfnames)

.debug_aranges  0x0000000000000000       0xf0
 *(.debug_aranges)
 .debug_aranges
                0x0000000000000000       0x30 CMakeFiles/project1.dir/file_reader.c.o
 .debug_aranges
                0x0000000000000030       0x30 CMakeFiles/project1.dir/main.c.o
 .debug_aranges
                0x0000000000000060       0x30 CMakeFiles/project1.dir/unit_helper_v2.c.o
 .debug_aranges
                0x0000000000000090       0x30 CMakeFiles/project1.dir/unit_test_v2.c.o
 .debug_aranges
                0x00000000000000c0       0x30 CMakeFiles/project1.dir/rdebug.c.o

.debug_pubnames
 *(.debug_pubnames)

.debug_info     0x0000000000000000     0xa946
 *(.debug_info .gnu.linkonce.wi.*)
 .debug_info    0x0000000000000000     0x1533 CMakeFiles/project1.dir/file_reader.c.o
 .debug_info    0x0000000000001533      0x31d CMakeFiles/project1.dir/main.c.o
 .debug_info    0x0000000000001850      0xd1c CMakeFiles/project1.dir/unit_helper_v2.c.o
 .debug_info    0x000000000000256c     0x67bf CMakeFiles/project1.dir/unit_test_v2.c.o
 .debug_info    0x0000000000008d2b     0x1c1b CMakeFiles/project1.dir/rdebug.c.o

.debug_abbrev   0x0000000000000000      0xb9c
 *(.debug_abbrev)
 .debug_abbrev  0x0000000000000000      0x245 CMakeFiles/project1.dir/file_reader.c.o
 .debug_abbrev  0x0000000000000245       0xcf CMakeFiles/project1.dir/main.c.o
 .debug_abbrev  0x0000000000000314      0x331 CMakeFiles/project1.dir/unit_helper_v2.c.o
 .debug_abbrev  0x0000000000000645      0x251 CMakeFiles/project1.dir/unit_test_v2.c.o
 .debug_abbrev  0x0000000000000896      0x306 CMakeFiles/project1.dir/rdebug.c.o

.debug_line     0x0000000000000000     0xb93f
 *(.debug_line .debug_line.* .debug_line_end)
 .debug_line    0x0000000000000000     0x186d CMakeFiles/project1.dir/file_reader.c.o
 .debug_line    0x000000000000186d      0x307 CMakeFiles/project1.dir/main.c.o
 .debug_line    0x0000000000001b74      0xa47 CMakeFiles/project1.dir/unit_helper_v2.c.o
 .debug_line    0x00000000000025bb     0x7e11 CMakeFiles/project1.dir/unit_test_v2.c.o
 .debug_line    0x000000000000a3cc     0x1573 CMakeFiles/project1.dir/rdebug.c.o

.debug_frame
 *(.debug_frame)

.debug_str      0x0000000000000000    0x119b7
 *(.debug_str)
 .debug_str     0x0000000000000000     0x8575 CMakeFiles/project1.dir/file_reader.c.o
                                       0x892a (size before relaxing)
 .debug_str     0x0000000000008575       0x2a CMakeFiles/project1.dir/main.c.o
                                       0x56c8 (size before relaxing)
 .debug_str     0x000000000000859f     0x2135 CMakeFiles/project1.dir/unit_helper_v2.c.o
                                       0xa1bc (size before relaxing)
 .debug_str     0x000000000000a6d4      0x90f CMakeFiles/project1.dir/unit_test_v2.c.o
                                       0x969e (size before relaxing)
 .debug_str     0x000000000000afe3     0x69d4 CMakeFiles/project1.dir/rdebug.c.o
                                       0xf6ef (size before relaxing)

.debug_loc
 *(.debug_loc)

.debug_macinfo
 *(.debug_macinfo)

.debug_weaknames
 *(.debug_weaknames)

.debug_funcnames
 *(.debug_funcnames)

.debug_typenames
 *(.debug_typenames)

.debug_varnames
 *(.debug_varnames)

.debug_pubtypes
 *(.debug_pubtypes)

.debug_ranges   0x0000000000000000       0x40
 *(.debug_ranges)
 .debug_ranges  0x0000000000000000       0x40 CMakeFiles/project1.dir/file_reader.c.o

.debug_macro    0x0000000000000000     0x52d0
 *(.debug_macro)
 .debug_macro   0x0000000000000000      0x3dc CMakeFiles/project1.dir/file_reader.c.o
 .debug_macro   0x00000000000003dc      0x826 CMakeFiles/project1.dir/file_reader.c.o
 .debug_macro   0x0000000000000c02       0x1c CMakeFiles/project1.dir/file_reader.c.o
 .debug_macro   0x0000000000000c1e       0x10 CMakeFiles/project1.dir/file_reader.c.o
 .debug_macro   0x0000000000000c2e      0x2be CMakeFiles/project1.dir/file_reader.c.o
 .debug_macro   0x0000000000000eec      0x17f CMakeFiles/project1.dir/file_reader.c.o
 .debug_macro   0x000000000000106b       0x16 CMakeFiles/project1.dir/file_reader.c.o
 .debug_macro   0x0000000000001081       0x4a CMakeFiles/project1.dir/file_reader.c.o
 .debug_macro   0x00000000000010cb       0x40 CMakeFiles/project1.dir/file_reader.c.o
 .debug_macro   0x000000000000110b       0x4c CMakeFiles/project1.dir/file_reader.c.o
 .debug_macro   0x0000000000001157       0x10 CMakeFiles/project1.dir/file_reader.c.o
 .debug_macro   0x0000000000001167       0x97 CMakeFiles/project1.dir/file_reader.c.o
 .debug_macro   0x00000000000011fe       0x10 CMakeFiles/project1.dir/file_reader.c.o
 .debug_macro   0x000000000000120e       0x67 CMakeFiles/project1.dir/file_reader.c.o
 .debug_macro   0x0000000000001275       0xf4 CMakeFiles/project1.dir/file_reader.c.o
 .debug_macro   0x0000000000001369       0x10 CMakeFiles/project1.dir/file_reader.c.o
 .debug_macro   0x0000000000001379       0x34 CMakeFiles/project1.dir/file_reader.c.o
 .debug_macro   0x00000000000013ad       0x5e CMakeFiles/project1.dir/file_reader.c.o
 .debug_macro   0x000000000000140b       0x34 CMakeFiles/project1.dir/file_reader.c.o
 .debug_macro   0x000000000000143f       0x2e CMakeFiles/project1.dir/file_reader.c.o
 .debug_macro   0x000000000000146d       0x52 CMakeFiles/project1.dir/file_reader.c.o
 .debug_macro   0x00000000000014bf       0x16 CMakeFiles/project1.dir/file_reader.c.o
 .debug_macro   0x00000000000014d5       0x97 CMakeFiles/project1.dir/file_reader.c.o
 .debug_macro   0x000000000000156c       0x52 CMakeFiles/project1.dir/file_reader.c.o
 .debug_macro   0x00000000000015be       0x4c CMakeFiles/project1.dir/file_reader.c.o
 .debug_macro   0x000000000000160a       0x2e CMakeFiles/project1.dir/file_reader.c.o
 .debug_macro   0x0000000000001638       0x2e CMakeFiles/project1.dir/file_reader.c.o
 .debug_macro   0x0000000000001666       0x86 CMakeFiles/project1.dir/file_reader.c.o
 .debug_macro   0x00000000000016ec       0x28 CMakeFiles/project1.dir/file_reader.c.o
 .debug_macro   0x0000000000001714       0x52 CMakeFiles/project1.dir/file_reader.c.o
 .debug_macro   0x0000000000001766       0x19 CMakeFiles/project1.dir/file_reader.c.o
 .debug_macro   0x000000000000177f       0x12 CMakeFiles/project1.dir/file_reader.c.o
 .debug_macro   0x0000000000001791       0x1c CMakeFiles/project1.dir/file_reader.c.o
 .debug_macro   0x00000000000017ad       0x10 CMakeFiles/project1.dir/file_reader.c.o
 .debug_macro   0x00000000000017bd       0x10 CMakeFiles/project1.dir/file_reader.c.o
 .debug_macro   0x00000000000017cd       0x1c CMakeFiles/project1.dir/file_reader.c.o
 .debug_macro   0x00000000000017e9       0x1c CMakeFiles/project1.dir/file_reader.c.o
 .debug_macro   0x0000000000001805       0x4c CMakeFiles/project1.dir/file_reader.c.o
 .debug_macro   0x0000000000001851       0x22 CMakeFiles/project1.dir/file_reader.c.o
 .debug_macro   0x0000000000001873       0x10 CMakeFiles/project1.dir/file_reader.c.o
 .debug_macro   0x0000000000001883       0x46 CMakeFiles/project1.dir/file_reader.c.o
 .debug_macro   0x00000000000018c9       0x20 CMakeFiles/project1.dir/file_reader.c.o
 .debug_macro   0x00000000000018e9       0x46 CMakeFiles/project1.dir/file_reader.c.o
 .debug_macro   0x000000000000192f       0x16 CMakeFiles/project1.dir/file_reader.c.o
 .debug_macro   0x0000000000001945       0x16 CMakeFiles/project1.dir/file_reader.c.o
 .debug_macro   0x000000000000195b       0x10 CMakeFiles/project1.dir/file_reader.c.o
 .debug_macro   0x000000000000196b       0x10 CMakeFiles/project1.dir/file_reader.c.o
 .debug_macro   0x000000000000197b       0x10 CMakeFiles/project1.dir/file_reader.c.o
 .debug_macro   0x000000000000198b       0x16 CMakeFiles/project1.dir/file_reader.c.o
 .debug_macro   0x00000000000019a1      0x29f CMakeFiles/project1.dir/file_reader.c.o
 .debug_macro   0x0000000000001c40       0x10 CMakeFiles/project1.dir/file_reader.c.o
 .debug_macro   0x0000000000001c50       0x10 CMakeFiles/project1.dir/file_reader.c.o
 .debug_macro   0x0000000000001c60       0x20 CMakeFiles/project1.dir/file_reader.c.o
 .debug_macro   0x0000000000001c80       0x12 CMakeFiles/project1.dir/file_reader.c.o
 .debug_macro   0x0000000000001c92       0x10 CMakeFiles/project1.dir/file_reader.c.o
 .debug_macro   0x0000000000001ca2      0x171 CMakeFiles/project1.dir/file_reader.c.o
 .debug_macro   0x0000000000001e13       0xd6 CMakeFiles/project1.dir/file_reader.c.o
 .debug_macro   0x0000000000001ee9      0x256 CMakeFiles/project1.dir/file_reader.c.o
 .debug_macro   0x000000000000213f       0x52 CMakeFiles/project1.dir/file_reader.c.o
 .debug_macro   0x0000000000002191      0x189 CMakeFiles/project1.dir/main.c.o
 .debug_macro   0x000000000000231a       0x1c CMakeFiles/project1.dir/main.c.o
 .debug_macro   0x0000000000002336      0x53c CMakeFiles/project1.dir/unit_helper_v2.c.o
 .debug_macro   0x0000000000002872       0x37 CMakeFiles/project1.dir/unit_helper_v2.c.o
 .debug_macro   0x00000000000028a9       0x4c CMakeFiles/project1.dir/unit_helper_v2.c.o
 .debug_macro   0x00000000000028f5       0x49 CMakeFiles/project1.dir/unit_helper_v2.c.o
 .debug_macro   0x000000000000293e       0xaa CMakeFiles/project1.dir/unit_helper_v2.c.o
 .debug_macro   0x00000000000029e8       0x27 CMakeFiles/project1.dir/unit_helper_v2.c.o
 .debug_macro   0x0000000000002a0f       0xf4 CMakeFiles/project1.dir/unit_helper_v2.c.o
 .debug_macro   0x0000000000002b03       0x94 CMakeFiles/project1.dir/unit_helper_v2.c.o
 .debug_macro   0x0000000000002b97       0x10 CMakeFiles/project1.dir/unit_helper_v2.c.o
 .debug_macro   0x0000000000002ba7       0xb4 CMakeFiles/project1.dir/unit_helper_v2.c.o
 .debug_macro   0x0000000000002c5b      0x18c CMakeFiles/project1.dir/unit_helper_v2.c.o
 .debug_macro   0x0000000000002de7       0x1c CMakeFiles/project1.dir/unit_helper_v2.c.o
 .debug_macro   0x0000000000002e03       0x22 CMakeFiles/project1.dir/unit_helper_v2.c.o
 .debug_macro   0x0000000000002e25       0x12 CMakeFiles/project1.dir/unit_helper_v2.c.o
 .debug_macro   0x0000000000002e37       0x6a CMakeFiles/project1.dir/unit_helper_v2.c.o
 .debug_macro   0x0000000000002ea1       0x1c CMakeFiles/project1.dir/unit_helper_v2.c.o
 .debug_macro   0x0000000000002ebd       0x10 CMakeFiles/project1.dir/unit_helper_v2.c.o
 .debug_macro   0x0000000000002ecd       0xad CMakeFiles/project1.dir/unit_helper_v2.c.o
 .debug_macro   0x0000000000002f7a       0x16 CMakeFiles/project1.dir/unit_helper_v2.c.o
 .debug_macro   0x0000000000002f90       0x16 CMakeFiles/project1.dir/unit_helper_v2.c.o
 .debug_macro   0x0000000000002fa6       0x12 CMakeFiles/project1.dir/unit_helper_v2.c.o
 .debug_macro   0x0000000000002fb8       0x34 CMakeFiles/project1.dir/unit_helper_v2.c.o
 .debug_macro   0x0000000000002fec      0x4ce CMakeFiles/project1.dir/unit_test_v2.c.o
 .debug_macro   0x00000000000034ba       0x10 CMakeFiles/project1.dir/unit_test_v2.c.o
 .debug_macro   0x00000000000034ca       0x65 CMakeFiles/project1.dir/unit_test_v2.c.o
 .debug_macro   0x000000000000352f      0x6b7 CMakeFiles/project1.dir/rdebug.c.o
 .debug_macro   0x0000000000003be6       0x8d CMakeFiles/project1.dir/rdebug.c.o
 .debug_macro   0x0000000000003c73       0x35 CMakeFiles/project1.dir/rdebug.c.o
 .debug_macro   0x0000000000003ca8       0x16 CMakeFiles/project1.dir/rdebug.c.o
 .debug_macro   0x0000000000003cbe       0x58 CMakeFiles/project1.dir/rdebug.c.o
 .debug_macro   0x0000000000003d16      0x100 CMakeFiles/project1.dir/rdebug.c.o
 .debug_macro   0x0000000000003e16       0x11 CMakeFiles/project1.dir/rdebug.c.o
 .debug_macro   0x0000000000003e27       0x6a CMakeFiles/project1.dir/rdebug.c.o
 .debug_macro   0x0000000000003e91      0x191 CMakeFiles/project1.dir/rdebug.c.o
 .debug_macro   0x0000000000004022       0x4c CMakeFiles/project1.dir/rdebug.c.o
 .debug_macro   0x000000000000406e       0x27 CMakeFiles/project1.dir/rdebug.c.o
 .debug_macro   0x0000000000004095       0x3c CMakeFiles/project1.dir/rdebug.c.o
 .debug_macro   0x00000000000040d1      0x824 CMakeFiles/project1.dir/rdebug.c.o
 .debug_macro   0x00000000000048f5       0x27 CMakeFiles/project1.dir/rdebug.c.o
 .debug_macro   0x000000000000491c       0x16 CMakeFiles/project1.dir/rdebug.c.o
 .debug_macro   0x0000000000004932       0x6a CMakeFiles/project1.dir/rdebug.c.o
 .debug_macro   0x000000000000499c       0x5e CMakeFiles/project1.dir/rdebug.c.o
 .debug_macro   0x00000000000049fa       0xbe CMakeFiles/project1.dir/rdebug.c.o
 .debug_macro   0x0000000000004ab8       0x70 CMakeFiles/project1.dir/rdebug.c.o
 .debug_macro   0x0000000000004b28       0x82 CMakeFiles/project1.dir/rdebug.c.o
 .debug_macro   0x0000000000004baa       0x46 CMakeFiles/project1.dir/rdebug.c.o
 .debug_macro   0x0000000000004bf0       0x64 CMakeFiles/project1.dir/rdebug.c.o
 .debug_macro   0x0000000000004c54       0x34 CMakeFiles/project1.dir/rdebug.c.o
 .debug_macro   0x0000000000004c88       0x16 CMakeFiles/project1.dir/rdebug.c.o
 .debug_macro   0x0000000000004c9e       0xac CMakeFiles/project1.dir/rdebug.c.o
 .debug_macro   0x0000000000004d4a       0x1c CMakeFiles/project1.dir/rdebug.c.o
 .debug_macro   0x0000000000004d66       0x10 CMakeFiles/project1.dir/rdebug.c.o
 .debug_macro   0x0000000000004d76      0x333 CMakeFiles/project1.dir/rdebug.c.o
 .debug_macro   0x00000000000050a9       0x34 CMakeFiles/project1.dir/rdebug.c.o
 .debug_macro   0x00000000000050dd       0x5f CMakeFiles/project1.dir/rdebug.c.o
 .debug_macro   0x000000000000513c       0xce CMakeFiles/project1.dir/rdebug.c.o
 .debug_macro   0x000000000000520a       0xa3 CMakeFiles/project1.dir/rdebug.c.o
 .debug_macro   0x00000000000052ad       0x23 CMakeFiles/project1.dir/rdebug.c.o

.debug_addr
 *(.debug_addr)

.gnu.attributes
 *(.gnu.attributes)

/DISCARD/
 *(.note.GNU-stack)
 *(.gnu_debuglink)
 *(.gnu.lto_*)
OUTPUT(project1 elf64-x86-64)

Cross Reference Table

Symbol                                            File
GLIBC_2.10                                        /lib/x86_64-linux-gnu/libc.so.6
GLIBC_2.11                                        /lib/x86_64-linux-gnu/libc.so.6
GLIBC_2.12                                        /lib/x86_64-linux-gnu/libc.so.6
GLIBC_2.13                                        /lib/x86_64-linux-gnu/libc.so.6
GLIBC_2.14                                        /lib/x86_64-linux-gnu/libc.so.6
GLIBC_2.15                                        /lib/x86_64-linux-gnu/libc.so.6
GLIBC_2.16                                        /lib/x86_64-linux-gnu/libc.so.6
GLIBC_2.17                                        /lib/x86_64-linux-gnu/libc.so.6
GLIBC_2.18                                        /lib/x86_64-linux-gnu/libc.so.6
GLIBC_2.2.5                                       /lib/x86_64-linux-gnu/libc.so.6
                                                  /lib/x86_64-linux-gnu/ld-linux-x86-64.so.2
GLIBC_2.2.6                                       /lib/x86_64-linux-gnu/libc.so.6
GLIBC_2.22                                        /lib/x86_64-linux-gnu/libc.so.6
GLIBC_2.23                                        /lib/x86_64-linux-gnu/libc.so.6
GLIBC_2.24                                        /lib/x86_64-linux-gnu/libc.so.6
GLIBC_2.25                                        /lib/x86_64-linux-gnu/libc.so.6
GLIBC_2.26                                        /lib/x86_64-linux-gnu/libc.so.6
GLIBC_2.27                                        /lib/x86_64-linux-gnu/libc.so.6
GLIBC_2.28                                        /lib/x86_64-linux-gnu/libc.so.6
GLIBC_2.29                                        /lib/x86_64-linux-gnu/libc.so.6
GLIBC_2.3                                         /lib/x86_64-linux-gnu/libc.so.6
                                                  /lib/x86_64-linux-gnu/ld-linux-x86-64.so.2
GLIBC_2.3.2                                       /lib/x86_64-linux-gnu/libc.so.6
GLIBC_2.3.3                                       /lib/x86_64-linux-gnu/libc.so.6
GLIBC_2.3.4                                       /lib/x86_64-linux-gnu/libc.so.6
GLIBC_2.30                                        /lib/x86_64-linux-gnu/libc.so.6
GLIBC_2.4                                         /lib/x86_64-linux-gnu/libc.so.6
                                                  /lib/x86_64-linux-gnu/ld-linux-x86-64.so.2
GLIBC_2.5                                         /lib/x86_64-linux-gnu/libc.so.6
GLIBC_2.6                                         /lib/x86_64-linux-gnu/libc.so.6
GLIBC_2.7                                         /lib/x86_64-linux-gnu/libc.so.6
GLIBC_2.8                                         /lib/x86_64-linux-gnu/libc.so.6
GLIBC_2.9                                         /lib/x86_64-linux-gnu/libc.so.6
GLIBC_PRIVATE                                     /lib/x86_64-linux-gnu/libc.so.6
                                                  /lib/x86_64-linux-gnu/ld-linux-x86-64.so.2
UTEST1                                            CMakeFiles/project1.dir/unit_test_v2.c.o
UTEST10                                           CMakeFiles/project1.dir/unit_test_v2.c.o
UTEST100                                          CMakeFiles/project1.dir/unit_test_v2.c.o
UTEST101                                          CMakeFiles/project1.dir/unit_test_v2.c.o
UTEST102                                          CMakeFiles/project1.dir/unit_test_v2.c.o
UTEST103                                          CMakeFiles/project1.dir/unit_test_v2.c.o
UTEST104                                          CMakeFiles/project1.dir/unit_test_v2.c.o
UTEST105                                          CMakeFiles/project1.dir/unit_test_v2.c.o
UTEST106                                          CMakeFiles/project1.dir/unit_test_v2.c.o
UTEST107                                          CMakeFiles/project1.dir/unit_test_v2.c.o
UTEST108                                          CMakeFiles/project1.dir/unit_test_v2.c.o
UTEST109                                          CMakeFiles/project1.dir/unit_test_v2.c.o
UTEST11                                           CMakeFiles/project1.dir/unit_test_v2.c.o
UTEST110                                          CMakeFiles/project1.dir/unit_test_v2.c.o
UTEST111                                          CMakeFiles/project1.dir/unit_test_v2.c.o
UTEST112                                          CMakeFiles/project1.dir/unit_test_v2.c.o
UTEST113                                          CMakeFiles/project1.dir/unit_test_v2.c.o
UTEST114                                          CMakeFiles/project1.dir/unit_test_v2.c.o
UTEST115                                          CMakeFiles/project1.dir/unit_test_v2.c.o
UTEST116                                          CMakeFiles/project1.dir/unit_test_v2.c.o
UTEST117                                          CMakeFiles/project1.dir/unit_test_v2.c.o
UTEST118                                          CMakeFiles/project1.dir/unit_test_v2.c.o
UTEST119                                          CMakeFiles/project1.dir/unit_test_v2.c.o
UTEST12                                           CMakeFiles/project1.dir/unit_test_v2.c.o
UTEST120                                          CMakeFiles/project1.dir/unit_test_v2.c.o
UTEST121                                          CMakeFiles/project1.dir/unit_test_v2.c.o
UTEST122                                          CMakeFiles/project1.dir/unit_test_v2.c.o
UTEST123                                          CMakeFiles/project1.dir/unit_test_v2.c.o
UTEST124                                          CMakeFiles/project1.dir/unit_test_v2.c.o
UTEST125                                          CMakeFiles/project1.dir/unit_test_v2.c.o
UTEST126                                          CMakeFiles/project1.dir/unit_test_v2.c.o
UTEST127                                          CMakeFiles/project1.dir/unit_test_v2.c.o
UTEST128                                          CMakeFiles/project1.dir/unit_test_v2.c.o
UTEST129                                          CMakeFiles/project1.dir/unit_test_v2.c.o
UTEST13                                           CMakeFiles/project1.dir/unit_test_v2.c.o
UTEST130                                          CMakeFiles/project1.dir/unit_test_v2.c.o
UTEST131                                          CMakeFiles/project1.dir/unit_test_v2.c.o
UTEST132                                          CMakeFiles/project1.dir/unit_test_v2.c.o
UTEST133                                          CMakeFiles/project1.dir/unit_test_v2.c.o
UTEST134                                          CMakeFiles/project1.dir/unit_test_v2.c.o
UTEST135                                          CMakeFiles/project1.dir/unit_test_v2.c.o
UTEST136                                          CMakeFiles/project1.dir/unit_test_v2.c.o
UTEST137                                          CMakeFiles/project1.dir/unit_test_v2.c.o
UTEST138                                          CMakeFiles/project1.dir/unit_test_v2.c.o
UTEST139                                          CMakeFiles/project1.dir/unit_test_v2.c.o
UTEST14                                           CMakeFiles/project1.dir/unit_test_v2.c.o
UTEST140                                          CMakeFiles/project1.dir/unit_test_v2.c.o
UTEST141                                          CMakeFiles/project1.dir/unit_test_v2.c.o
UTEST142                                          CMakeFiles/project1.dir/unit_test_v2.c.o
UTEST143                                          CMakeFiles/project1.dir/unit_test_v2.c.o
UTEST144                                          CMakeFiles/project1.dir/unit_test_v2.c.o
UTEST145                                          CMakeFiles/project1.dir/unit_test_v2.c.o
UTEST146                                          CMakeFiles/project1.dir/unit_test_v2.c.o
UTEST147                                          CMakeFiles/project1.dir/unit_test_v2.c.o
UTEST148                                          CMakeFiles/project1.dir/unit_test_v2.c.o
UTEST149                                          CMakeFiles/project1.dir/unit_test_v2.c.o
UTEST15                                           CMakeFiles/project1.dir/unit_test_v2.c.o
UTEST150                                          CMakeFiles/project1.dir/unit_test_v2.c.o
UTEST151                                          CMakeFiles/project1.dir/unit_test_v2.c.o
UTEST152                                          CMakeFiles/project1.dir/unit_test_v2.c.o
UTEST16                                           CMakeFiles/project1.dir/unit_test_v2.c.o
UTEST17                                           CMakeFiles/project1.dir/unit_test_v2.c.o
UTEST18                                           CMakeFiles/project1.dir/unit_test_v2.c.o
UTEST19                                           CMakeFiles/project1.dir/unit_test_v2.c.o
UTEST2                                            CMakeFiles/project1.dir/unit_test_v2.c.o
UTEST20                                           CMakeFiles/project1.dir/unit_test_v2.c.o
UTEST21                                           CMakeFiles/project1.dir/unit_test_v2.c.o
UTEST22                                           CMakeFiles/project1.dir/unit_test_v2.c.o
UTEST23                                           CMakeFiles/project1.dir/unit_test_v2.c.o
UTEST24                                           CMakeFiles/project1.dir/unit_test_v2.c.o
UTEST25                                           CMakeFiles/project1.dir/unit_test_v2.c.o
UTEST26                                           CMakeFiles/project1.dir/unit_test_v2.c.o
UTEST27                                           CMakeFiles/project1.dir/unit_test_v2.c.o
UTEST28                                           CMakeFiles/project1.dir/unit_test_v2.c.o
UTEST29                                           CMakeFiles/project1.dir/unit_test_v2.c.o
UTEST3                                            CMakeFiles/project1.dir/unit_test_v2.c.o
UTEST30                                           CMakeFiles/project1.dir/unit_test_v2.c.o
UTEST31                                           CMakeFiles/project1.dir/unit_test_v2.c.o
UTEST32                                           CMakeFiles/project1.dir/unit_test_v2.c.o
UTEST33                                           CMakeFiles/project1.dir/unit_test_v2.c.o
UTEST34                                           CMakeFiles/project1.dir/unit_test_v2.c.o
UTEST35                                           CMakeFiles/project1.dir/unit_test_v2.c.o
UTEST36                                           CMakeFiles/project1.dir/unit_test_v2.c.o
UTEST37                                           CMakeFiles/project1.dir/unit_test_v2.c.o
UTEST38                                           CMakeFiles/project1.dir/unit_test_v2.c.o
UTEST39                                           CMakeFiles/project1.dir/unit_test_v2.c.o
UTEST4                                            CMakeFiles/project1.dir/unit_test_v2.c.o
UTEST40                                           CMakeFiles/project1.dir/unit_test_v2.c.o
UTEST41                                           CMakeFiles/project1.dir/unit_test_v2.c.o
UTEST42                                           CMakeFiles/project1.dir/unit_test_v2.c.o
UTEST43                                           CMakeFiles/project1.dir/unit_test_v2.c.o
UTEST44                                           CMakeFiles/project1.dir/unit_test_v2.c.o
UTEST45                                           CMakeFiles/project1.dir/unit_test_v2.c.o
UTEST46                                           CMakeFiles/project1.dir/unit_test_v2.c.o
UTEST47                                           CMakeFiles/project1.dir/unit_test_v2.c.o
UTEST48                                           CMakeFiles/project1.dir/unit_test_v2.c.o
UTEST49                                           CMakeFiles/project1.dir/unit_test_v2.c.o
UTEST5                                            CMakeFiles/project1.dir/unit_test_v2.c.o
UTEST50                                           CMakeFiles/project1.dir/unit_test_v2.c.o
UTEST51                                           CMakeFiles/project1.dir/unit_test_v2.c.o
UTEST52                                           CMakeFiles/project1.dir/unit_test_v2.c.o
UTEST53                                           CMakeFiles/project1.dir/unit_test_v2.c.o
UTEST54                                           CMakeFiles/project1.dir/unit_test_v2.c.o
UTEST55                                           CMakeFiles/project1.dir/unit_test_v2.c.o
UTEST56                                           CMakeFiles/project1.dir/unit_test_v2.c.o
UTEST57                                           CMakeFiles/project1.dir/unit_test_v2.c.o
UTEST58                                           CMakeFiles/project1.dir/unit_test_v2.c.o
UTEST59                                           CMakeFiles/project1.dir/unit_test_v2.c.o
UTEST6                                            CMakeFiles/project1.dir/unit_test_v2.c.o
UTEST60                                           CMakeFiles/project1.dir/unit_test_v2.c.o
UTEST61                                           CMakeFiles/project1.dir/unit_test_v2.c.o
UTEST62                                           CMakeFiles/project1.dir/unit_test_v2.c.o
UTEST63                                           CMakeFiles/project1.dir/unit_test_v2.c.o
UTEST64                                           CMakeFiles/project1.dir/unit_test_v2.c.o
UTEST65                                           CMakeFiles/project1.dir/unit_test_v2.c.o
UTEST66                                           CMakeFiles/project1.dir/unit_test_v2.c.o
UTEST67                                           CMakeFiles/project1.dir/unit_test_v2.c.o
UTEST68                                           CMakeFiles/project1.dir/unit_test_v2.c.o
UTEST69                                           CMakeFiles/project1.dir/unit_test_v2.c.o
UTEST7                                            CMakeFiles/project1.dir/unit_test_v2.c.o
UTEST70                                           CMakeFiles/project1.dir/unit_test_v2.c.o
UTEST71                                           CMakeFiles/project1.dir/unit_test_v2.c.o
UTEST72                                           CMakeFiles/project1.dir/unit_test_v2.c.o
UTEST73                                           CMakeFiles/project1.dir/unit_test_v2.c.o
UTEST74                                           CMakeFiles/project1.dir/unit_test_v2.c.o
UTEST75                                           CMakeFiles/project1.dir/unit_test_v2.c.o
UTEST76                                           CMakeFiles/project1.dir/unit_test_v2.c.o
UTEST77                                           CMakeFiles/project1.dir/unit_test_v2.c.o
UTEST78                                           CMakeFiles/project1.dir/unit_test_v2.c.o
UTEST79                                           CMakeFiles/project1.dir/unit_test_v2.c.o
UTEST8                                            CMakeFiles/project1.dir/unit_test_v2.c.o
UTEST80                                           CMakeFiles/project1.dir/unit_test_v2.c.o
UTEST81                                           CMakeFiles/project1.dir/unit_test_v2.c.o
UTEST82                                           CMakeFiles/project1.dir/unit_test_v2.c.o
UTEST83                                           CMakeFiles/project1.dir/unit_test_v2.c.o
UTEST84                                           CMakeFiles/project1.dir/unit_test_v2.c.o
UTEST85                                           CMakeFiles/project1.dir/unit_test_v2.c.o
UTEST86                                           CMakeFiles/project1.dir/unit_test_v2.c.o
UTEST87                                           CMakeFiles/project1.dir/unit_test_v2.c.o
UTEST88                                           CMakeFiles/project1.dir/unit_test_v2.c.o
UTEST89                                           CMakeFiles/project1.dir/unit_test_v2.c.o
UTEST9                                            CMakeFiles/project1.dir/unit_test_v2.c.o
UTEST90                                           CMakeFiles/project1.dir/unit_test_v2.c.o
UTEST91                                           CMakeFiles/project1.dir/unit_test_v2.c.o
UTEST92                                           CMakeFiles/project1.dir/unit_test_v2.c.o
UTEST93                                           CMakeFiles/project1.dir/unit_test_v2.c.o
UTEST94                                           CMakeFiles/project1.dir/unit_test_v2.c.o
UTEST95                                           CMakeFiles/project1.dir/unit_test_v2.c.o
UTEST96                                           CMakeFiles/project1.dir/unit_test_v2.c.o
UTEST97                                           CMakeFiles/project1.dir/unit_test_v2.c.o
UTEST98                                           CMakeFiles/project1.dir/unit_test_v2.c.o
UTEST99                                           CMakeFiles/project1.dir/unit_test_v2.c.o
_DYNAMIC                                          /usr/lib/gcc/x86_64-linux-gnu/9/../../../x86_64-linux-gnu/Scrt1.o
_Exit                                             /lib/x86_64-linux-gnu/libc.so.6
_Exit@@GLIBC_2.2.5                                /lib/x86_64-linux-gnu/libc.so.6
_Exit@GLIBC_2.2.5                                 /lib/x86_64-linux-gnu/libc.so.6
_GLOBAL_OFFSET_TABLE_                             /usr/lib/gcc/x86_64-linux-gnu/9/../../../x86_64-linux-gnu/Scrt1.o
                                                  /usr/lib/x86_64-linux-gnu/libc_nonshared.a(elf-init.oS)
                                                  CMakeFiles/project1.dir/rdebug.c.o
                                                  CMakeFiles/project1.dir/unit_test_v2.c.o
                                                  CMakeFiles/project1.dir/unit_helper_v2.c.o
                                                  CMakeFiles/project1.dir/file_reader.c.o
                                                  /usr/lib/gcc/x86_64-linux-gnu/9/crtbeginS.o
                                                  /usr/lib/gcc/x86_64-linux-gnu/9/../../../x86_64-linux-gnu/crti.o
_IO_fprintf                                       /lib/x86_64-linux-gnu/libc.so.6
_IO_fprintf@@GLIBC_2.2.5                          /lib/x86_64-linux-gnu/libc.so.6
_IO_fprintf@GLIBC_2.2.5                           /lib/x86_64-linux-gnu/libc.so.6
_IO_stdin_used                                    /usr/lib/gcc/x86_64-linux-gnu/9/../../../x86_64-linux-gnu/Scrt1.o
_ITM_deregisterTMCloneTable                       /usr/lib/gcc/x86_64-linux-gnu/9/crtbeginS.o
_ITM_registerTMCloneTable                         /usr/lib/gcc/x86_64-linux-gnu/9/crtbeginS.o
__GNU_EH_FRAME_HDR                                project1
__TMC_END__                                       /usr/lib/gcc/x86_64-linux-gnu/9/crtendS.o
                                                  /usr/lib/gcc/x86_64-linux-gnu/9/crtbeginS.o
__after_morecore_hook                             /lib/x86_64-linux-gnu/libc.so.6
__after_morecore_hook@@GLIBC_2.2.5                /lib/x86_64-linux-gnu/libc.so.6
__after_morecore_hook@GLIBC_2.2.5                 /lib/x86_64-linux-gnu/libc.so.6
__assert_fail                                     /lib/x86_64-linux-gnu/libc.so.6
                                                  CMakeFiles/project1.dir/rdebug.c.o
                                                  CMakeFiles/project1.dir/unit_helper_v2.c.o
__assert_fail@@GLIBC_2.2.5                        /lib/x86_64-linux-gnu/libc.so.6
__assert_fail@GLIBC_2.2.5                         /lib/x86_64-linux-gnu/libc.so.6
__compat_bdflush                                  /lib/x86_64-linux-gnu/libc.so.6
__connect                                         /lib/x86_64-linux-gnu/libc.so.6
__connect@@GLIBC_2.2.5                            /lib/x86_64-linux-gnu/libc.so.6
__connect@GLIBC_2.2.5                             /lib/x86_64-linux-gnu/libc.so.6
__ctype_b_loc                                     /lib/x86_64-linux-gnu/libc.so.6
                                                  CMakeFiles/project1.dir/unit_helper_v2.c.o
                                                  CMakeFiles/project1.dir/file_reader.c.o
__ctype_b_loc@@GLIBC_2.3                          /lib/x86_64-linux-gnu/libc.so.6
__ctype_b_loc@GLIBC_2.3                           /lib/x86_64-linux-gnu/libc.so.6
__ctype_get_mb_cur_max                            /lib/x86_64-linux-gnu/libc.so.6
__ctype_get_mb_cur_max@@GLIBC_2.2.5               /lib/x86_64-linux-gnu/libc.so.6
__ctype_get_mb_cur_max@GLIBC_2.2.5                /lib/x86_64-linux-gnu/libc.so.6
__cxa_finalize                                    /lib/x86_64-linux-gnu/libc.so.6
                                                  /usr/lib/gcc/x86_64-linux-gnu/9/crtbeginS.o
__cxa_finalize@@GLIBC_2.2.5                       /lib/x86_64-linux-gnu/libc.so.6
__cxa_finalize@GLIBC_2.2.5                        /lib/x86_64-linux-gnu/libc.so.6
__data_start                                      /usr/lib/gcc/x86_64-linux-gnu/9/../../../x86_64-linux-gnu/Scrt1.o
__dso_handle                                      /usr/lib/gcc/x86_64-linux-gnu/9/crtbeginS.o
__errno_location                                  /lib/x86_64-linux-gnu/libc.so.6
                                                  CMakeFiles/project1.dir/rdebug.c.o
                                                  CMakeFiles/project1.dir/unit_helper_v2.c.o
                                                  CMakeFiles/project1.dir/file_reader.c.o
__errno_location@@GLIBC_2.2.5                     /lib/x86_64-linux-gnu/libc.so.6
__errno_location@GLIBC_2.2.5                      /lib/x86_64-linux-gnu/libc.so.6
__fcntl                                           /lib/x86_64-linux-gnu/libc.so.6
__fcntl@@GLIBC_2.2.5                              /lib/x86_64-linux-gnu/libc.so.6
__fcntl@GLIBC_2.2.5                               /lib/x86_64-linux-gnu/libc.so.6
__free_hook                                       /lib/x86_64-linux-gnu/libc.so.6
__free_hook@@GLIBC_2.2.5                          /lib/x86_64-linux-gnu/libc.so.6
__free_hook@GLIBC_2.2.5                           /lib/x86_64-linux-gnu/libc.so.6
__getdelim                                        /lib/x86_64-linux-gnu/libc.so.6
__getdelim@@GLIBC_2.2.5                           /lib/x86_64-linux-gnu/libc.so.6
__getdelim@GLIBC_2.2.5                            /lib/x86_64-linux-gnu/libc.so.6
__gmon_start__                                    /usr/lib/gcc/x86_64-linux-gnu/9/../../../x86_64-linux-gnu/crti.o
__init_array_end                                  /usr/lib/x86_64-linux-gnu/libc_nonshared.a(elf-init.oS)
__init_array_start                                /usr/lib/x86_64-linux-gnu/libc_nonshared.a(elf-init.oS)
__isascii_l                                       /lib/x86_64-linux-gnu/libc.so.6
__isascii_l@@GLIBC_2.2.5                          /lib/x86_64-linux-gnu/libc.so.6
__isascii_l@GLIBC_2.2.5                           /lib/x86_64-linux-gnu/libc.so.6
__libc_csu_fini                                   /usr/lib/x86_64-linux-gnu/libc_nonshared.a(elf-init.oS)
                                                  /usr/lib/gcc/x86_64-linux-gnu/9/../../../x86_64-linux-gnu/Scrt1.o
__libc_csu_init                                   /usr/lib/x86_64-linux-gnu/libc_nonshared.a(elf-init.oS)
                                                  /usr/lib/gcc/x86_64-linux-gnu/9/../../../x86_64-linux-gnu/Scrt1.o
__libc_secure_getenv                              /lib/x86_64-linux-gnu/libc.so.6
__libc_secure_getenv@@GLIBC_PRIVATE               /lib/x86_64-linux-gnu/libc.so.6
__libc_secure_getenv@GLIBC_PRIVATE                /lib/x86_64-linux-gnu/libc.so.6
__libdl_freeres                                   /lib/x86_64-linux-gnu/libc.so.6
__libpthread_freeres                              /lib/x86_64-linux-gnu/libc.so.6
__malloc_hook                                     /lib/x86_64-linux-gnu/libc.so.6
__malloc_hook@@GLIBC_2.2.5                        /lib/x86_64-linux-gnu/libc.so.6
__malloc_hook@GLIBC_2.2.5                         /lib/x86_64-linux-gnu/libc.so.6
__malloc_initialize_hook@GLIBC_2.2.5              /lib/x86_64-linux-gnu/libc.so.6
__memalign_hook                                   /lib/x86_64-linux-gnu/libc.so.6
__memalign_hook@@GLIBC_2.2.5                      /lib/x86_64-linux-gnu/libc.so.6
__memalign_hook@GLIBC_2.2.5                       /lib/x86_64-linux-gnu/libc.so.6
__open                                            /lib/x86_64-linux-gnu/libc.so.6
__open64                                          /lib/x86_64-linux-gnu/libc.so.6
__open64@@GLIBC_2.2.5                             /lib/x86_64-linux-gnu/libc.so.6
__open64@GLIBC_2.2.5                              /lib/x86_64-linux-gnu/libc.so.6
__open@@GLIBC_2.2.5                               /lib/x86_64-linux-gnu/libc.so.6
__open@GLIBC_2.2.5                                /lib/x86_64-linux-gnu/libc.so.6
__pread64                                         /lib/x86_64-linux-gnu/libc.so.6
__pread64@@GLIBC_2.2.5                            /lib/x86_64-linux-gnu/libc.so.6
__pread64@GLIBC_2.2.5                             /lib/x86_64-linux-gnu/libc.so.6
__pwrite64                                        /lib/x86_64-linux-gnu/libc.so.6
__pwrite64@@GLIBC_2.2.5                           /lib/x86_64-linux-gnu/libc.so.6
__pwrite64@GLIBC_2.2.5                            /lib/x86_64-linux-gnu/libc.so.6
__realloc_hook                                    /lib/x86_64-linux-gnu/libc.so.6
__realloc_hook@@GLIBC_2.2.5                       /lib/x86_64-linux-gnu/libc.so.6
__realloc_hook@GLIBC_2.2.5                        /lib/x86_64-linux-gnu/libc.so.6
__recv                                            /lib/x86_64-linux-gnu/libc.so.6
__recv@@GLIBC_PRIVATE                             /lib/x86_64-linux-gnu/libc.so.6
__recv@GLIBC_PRIVATE                              /lib/x86_64-linux-gnu/libc.so.6
__secure_getenv@GLIBC_2.2.5                       /lib/x86_64-linux-gnu/libc.so.6
__sigaction                                       /lib/x86_64-linux-gnu/libc.so.6
__sigaction@@GLIBC_2.2.5                          /lib/x86_64-linux-gnu/libc.so.6
__sigaction@GLIBC_2.2.5                           /lib/x86_64-linux-gnu/libc.so.6
__stack_chk_fail                                  /lib/x86_64-linux-gnu/libc.so.6
                                                  CMakeFiles/project1.dir/rdebug.c.o
                                                  CMakeFiles/project1.dir/unit_test_v2.c.o
                                                  CMakeFiles/project1.dir/unit_helper_v2.c.o
                                                  CMakeFiles/project1.dir/file_reader.c.o
__stack_chk_fail@@GLIBC_2.4                       /lib/x86_64-linux-gnu/libc.so.6
__stack_chk_fail@GLIBC_2.4                        /lib/x86_64-linux-gnu/libc.so.6
__strtoll_l                                       /lib/x86_64-linux-gnu/libc.so.6
__strtoll_l@@GLIBC_2.2.5                          /lib/x86_64-linux-gnu/libc.so.6
__strtoll_l@GLIBC_2.2.5                           /lib/x86_64-linux-gnu/libc.so.6
__strtoull_l                                      /lib/x86_64-linux-gnu/libc.so.6
__strtoull_l@@GLIBC_2.2.5                         /lib/x86_64-linux-gnu/libc.so.6
__strtoull_l@GLIBC_2.2.5                          /lib/x86_64-linux-gnu/libc.so.6
__toascii_l                                       /lib/x86_64-linux-gnu/libc.so.6
__toascii_l@@GLIBC_2.2.5                          /lib/x86_64-linux-gnu/libc.so.6
__toascii_l@GLIBC_2.2.5                           /lib/x86_64-linux-gnu/libc.so.6
__vsnprintf                                       /lib/x86_64-linux-gnu/libc.so.6
__vsnprintf@@GLIBC_2.2.5                          /lib/x86_64-linux-gnu/libc.so.6
__vsnprintf@GLIBC_2.2.5                           /lib/x86_64-linux-gnu/libc.so.6
__vsscanf                                         /lib/x86_64-linux-gnu/libc.so.6
__vsscanf@@GLIBC_2.2.5                            /lib/x86_64-linux-gnu/libc.so.6
__vsscanf@GLIBC_2.2.5                             /lib/x86_64-linux-gnu/libc.so.6
__wcstoll_l                                       /lib/x86_64-linux-gnu/libc.so.6
__wcstoll_l@@GLIBC_2.2.5                          /lib/x86_64-linux-gnu/libc.so.6
__wcstoll_l@GLIBC_2.2.5                           /lib/x86_64-linux-gnu/libc.so.6
__wcstoull_l                                      /lib/x86_64-linux-gnu/libc.so.6
__wcstoull_l@@GLIBC_2.2.5                         /lib/x86_64-linux-gnu/libc.so.6
__wcstoull_l@GLIBC_2.2.5                          /lib/x86_64-linux-gnu/libc.so.6
__wrap_main                                       CMakeFiles/project1.dir/unit_test_v2.c.o
                                                  /usr/lib/gcc/x86_64-linux-gnu/9/../../../x86_64-linux-gnu/Scrt1.o
__write                                           /lib/x86_64-linux-gnu/libc.so.6
__write@@GLIBC_2.2.5                              /lib/x86_64-linux-gnu/libc.so.6
__write@GLIBC_2.2.5                               /lib/x86_64-linux-gnu/libc.so.6
__xpg_sigpause                                    /lib/x86_64-linux-gnu/libc.so.6
__xpg_sigpause@@GLIBC_2.2.5                       /lib/x86_64-linux-gnu/libc.so.6
__xpg_sigpause@GLIBC_2.2.5                        /lib/x86_64-linux-gnu/libc.so.6
_dl_starting_up                                   /lib/x86_64-linux-gnu/libc.so.6
_environ                                          /lib/x86_64-linux-gnu/libc.so.6
_environ@@GLIBC_2.2.5                             /lib/x86_64-linux-gnu/libc.so.6
_environ@GLIBC_2.2.5                              /lib/x86_64-linux-gnu/libc.so.6
_fini                                             /usr/lib/gcc/x86_64-linux-gnu/9/../../../x86_64-linux-gnu/crti.o
_flushlbf                                         /lib/x86_64-linux-gnu/libc.so.6
_flushlbf@@GLIBC_2.2.5                            /lib/x86_64-linux-gnu/libc.so.6
_flushlbf@GLIBC_2.2.5                             /lib/x86_64-linux-gnu/libc.so.6
_init                                             /usr/lib/gcc/x86_64-linux-gnu/9/../../../x86_64-linux-gnu/crti.o
                                                  /usr/lib/x86_64-linux-gnu/libc_nonshared.a(elf-init.oS)
_longjmp                                          /lib/x86_64-linux-gnu/libc.so.6
_longjmp@@GLIBC_2.2.5                             /lib/x86_64-linux-gnu/libc.so.6
_longjmp@GLIBC_2.2.5                              /lib/x86_64-linux-gnu/libc.so.6
_rldebug_heap_wrapper                             CMakeFiles/project1.dir/rdebug.c.o
                                                  CMakeFiles/project1.dir/unit_test_v2.c.o
                                                  CMakeFiles/project1.dir/file_reader.c.o
_rldebug_io_wrapper                               CMakeFiles/project1.dir/rdebug.c.o
                                                  CMakeFiles/project1.dir/file_reader.c.o
_rldebug_stdlib_noreturn_wrapper                  CMakeFiles/project1.dir/rdebug.c.o
_rldebug_str_wrapper                              CMakeFiles/project1.dir/rdebug.c.o
_setjmp                                           /lib/x86_64-linux-gnu/libc.so.6
                                                  CMakeFiles/project1.dir/rdebug.c.o
_setjmp@@GLIBC_2.2.5                              /lib/x86_64-linux-gnu/libc.so.6
_setjmp@GLIBC_2.2.5                               /lib/x86_64-linux-gnu/libc.so.6
_start                                            /usr/lib/gcc/x86_64-linux-gnu/9/../../../x86_64-linux-gnu/Scrt1.o
abort                                             /lib/x86_64-linux-gnu/libc.so.6
                                                  CMakeFiles/project1.dir/unit_test_v2.c.o
abort@@GLIBC_2.2.5                                /lib/x86_64-linux-gnu/libc.so.6
abort@GLIBC_2.2.5                                 /lib/x86_64-linux-gnu/libc.so.6
access                                            /lib/x86_64-linux-gnu/libc.so.6
access@@GLIBC_2.2.5                               /lib/x86_64-linux-gnu/libc.so.6
access@GLIBC_2.2.5                                /lib/x86_64-linux-gnu/libc.so.6
addmntent                                         /lib/x86_64-linux-gnu/libc.so.6
addmntent@@GLIBC_2.2.5                            /lib/x86_64-linux-gnu/libc.so.6
addmntent@GLIBC_2.2.5                             /lib/x86_64-linux-gnu/libc.so.6
addseverity                                       /lib/x86_64-linux-gnu/libc.so.6
addseverity@@GLIBC_2.2.5                          /lib/x86_64-linux-gnu/libc.so.6
addseverity@GLIBC_2.2.5                           /lib/x86_64-linux-gnu/libc.so.6
adjtime                                           /lib/x86_64-linux-gnu/libc.so.6
adjtime@@GLIBC_2.2.5                              /lib/x86_64-linux-gnu/libc.so.6
adjtime@GLIBC_2.2.5                               /lib/x86_64-linux-gnu/libc.so.6
adjtimex                                          /lib/x86_64-linux-gnu/libc.so.6
adjtimex@@GLIBC_2.2.5                             /lib/x86_64-linux-gnu/libc.so.6
adjtimex@GLIBC_2.2.5                              /lib/x86_64-linux-gnu/libc.so.6
advance@GLIBC_2.2.5                               /lib/x86_64-linux-gnu/libc.so.6
aligned_alloc                                     /lib/x86_64-linux-gnu/libc.so.6
aligned_alloc@@GLIBC_2.16                         /lib/x86_64-linux-gnu/libc.so.6
aligned_alloc@GLIBC_2.16                          /lib/x86_64-linux-gnu/libc.so.6
all_to_upper                                      CMakeFiles/project1.dir/file_reader.c.o
alphasort                                         /lib/x86_64-linux-gnu/libc.so.6
alphasort64                                       /lib/x86_64-linux-gnu/libc.so.6
alphasort64@@GLIBC_2.2.5                          /lib/x86_64-linux-gnu/libc.so.6
alphasort64@GLIBC_2.2.5                           /lib/x86_64-linux-gnu/libc.so.6
alphasort@@GLIBC_2.2.5                            /lib/x86_64-linux-gnu/libc.so.6
alphasort@GLIBC_2.2.5                             /lib/x86_64-linux-gnu/libc.so.6
arch_prctl                                        /lib/x86_64-linux-gnu/libc.so.6
arch_prctl@@GLIBC_2.2.5                           /lib/x86_64-linux-gnu/libc.so.6
arch_prctl@GLIBC_2.2.5                            /lib/x86_64-linux-gnu/libc.so.6
argp_error                                        /lib/x86_64-linux-gnu/libc.so.6
argp_error@@GLIBC_2.2.5                           /lib/x86_64-linux-gnu/libc.so.6
argp_error@GLIBC_2.2.5                            /lib/x86_64-linux-gnu/libc.so.6
argp_failure                                      /lib/x86_64-linux-gnu/libc.so.6
argp_failure@@GLIBC_2.2.5                         /lib/x86_64-linux-gnu/libc.so.6
argp_failure@GLIBC_2.2.5                          /lib/x86_64-linux-gnu/libc.so.6
argp_help                                         /lib/x86_64-linux-gnu/libc.so.6
argp_help@@GLIBC_2.2.5                            /lib/x86_64-linux-gnu/libc.so.6
argp_help@GLIBC_2.2.5                             /lib/x86_64-linux-gnu/libc.so.6
argp_parse                                        /lib/x86_64-linux-gnu/libc.so.6
argp_parse@@GLIBC_2.2.5                           /lib/x86_64-linux-gnu/libc.so.6
argp_parse@GLIBC_2.2.5                            /lib/x86_64-linux-gnu/libc.so.6
argp_state_help                                   /lib/x86_64-linux-gnu/libc.so.6
argp_state_help@@GLIBC_2.2.5                      /lib/x86_64-linux-gnu/libc.so.6
argp_state_help@GLIBC_2.2.5                       /lib/x86_64-linux-gnu/libc.so.6
argp_usage                                        /lib/x86_64-linux-gnu/libc.so.6
argp_usage@@GLIBC_2.2.5                           /lib/x86_64-linux-gnu/libc.so.6
argp_usage@GLIBC_2.2.5                            /lib/x86_64-linux-gnu/libc.so.6
argz_add                                          /lib/x86_64-linux-gnu/libc.so.6
argz_add@@GLIBC_2.2.5                             /lib/x86_64-linux-gnu/libc.so.6
argz_add@GLIBC_2.2.5                              /lib/x86_64-linux-gnu/libc.so.6
argz_add_sep                                      /lib/x86_64-linux-gnu/libc.so.6
argz_add_sep@@GLIBC_2.2.5                         /lib/x86_64-linux-gnu/libc.so.6
argz_add_sep@GLIBC_2.2.5                          /lib/x86_64-linux-gnu/libc.so.6
argz_append                                       /lib/x86_64-linux-gnu/libc.so.6
argz_append@@GLIBC_2.2.5                          /lib/x86_64-linux-gnu/libc.so.6
argz_append@GLIBC_2.2.5                           /lib/x86_64-linux-gnu/libc.so.6
argz_count                                        /lib/x86_64-linux-gnu/libc.so.6
argz_count@@GLIBC_2.2.5                           /lib/x86_64-linux-gnu/libc.so.6
argz_count@GLIBC_2.2.5                            /lib/x86_64-linux-gnu/libc.so.6
argz_create                                       /lib/x86_64-linux-gnu/libc.so.6
argz_create@@GLIBC_2.2.5                          /lib/x86_64-linux-gnu/libc.so.6
argz_create@GLIBC_2.2.5                           /lib/x86_64-linux-gnu/libc.so.6
argz_create_sep                                   /lib/x86_64-linux-gnu/libc.so.6
argz_create_sep@@GLIBC_2.2.5                      /lib/x86_64-linux-gnu/libc.so.6
argz_create_sep@GLIBC_2.2.5                       /lib/x86_64-linux-gnu/libc.so.6
argz_extract                                      /lib/x86_64-linux-gnu/libc.so.6
argz_extract@@GLIBC_2.2.5                         /lib/x86_64-linux-gnu/libc.so.6
argz_extract@GLIBC_2.2.5                          /lib/x86_64-linux-gnu/libc.so.6
argz_insert                                       /lib/x86_64-linux-gnu/libc.so.6
argz_insert@@GLIBC_2.2.5                          /lib/x86_64-linux-gnu/libc.so.6
argz_insert@GLIBC_2.2.5                           /lib/x86_64-linux-gnu/libc.so.6
argz_next                                         /lib/x86_64-linux-gnu/libc.so.6
argz_next@@GLIBC_2.2.5                            /lib/x86_64-linux-gnu/libc.so.6
argz_next@GLIBC_2.2.5                             /lib/x86_64-linux-gnu/libc.so.6
argz_replace                                      /lib/x86_64-linux-gnu/libc.so.6
argz_replace@@GLIBC_2.2.5                         /lib/x86_64-linux-gnu/libc.so.6
argz_replace@GLIBC_2.2.5                          /lib/x86_64-linux-gnu/libc.so.6
argz_stringify                                    /lib/x86_64-linux-gnu/libc.so.6
argz_stringify@@GLIBC_2.2.5                       /lib/x86_64-linux-gnu/libc.so.6
argz_stringify@GLIBC_2.2.5                        /lib/x86_64-linux-gnu/libc.so.6
asctime_r                                         /lib/x86_64-linux-gnu/libc.so.6
asctime_r@@GLIBC_2.2.5                            /lib/x86_64-linux-gnu/libc.so.6
asctime_r@GLIBC_2.2.5                             /lib/x86_64-linux-gnu/libc.so.6
asprintf                                          /lib/x86_64-linux-gnu/libc.so.6
asprintf@@GLIBC_2.2.5                             /lib/x86_64-linux-gnu/libc.so.6
asprintf@GLIBC_2.2.5                              /lib/x86_64-linux-gnu/libc.so.6
backtrace                                         /lib/x86_64-linux-gnu/libc.so.6
backtrace@@GLIBC_2.2.5                            /lib/x86_64-linux-gnu/libc.so.6
backtrace@GLIBC_2.2.5                             /lib/x86_64-linux-gnu/libc.so.6
backtrace_symbols                                 /lib/x86_64-linux-gnu/libc.so.6
backtrace_symbols@@GLIBC_2.2.5                    /lib/x86_64-linux-gnu/libc.so.6
backtrace_symbols@GLIBC_2.2.5                     /lib/x86_64-linux-gnu/libc.so.6
backtrace_symbols_fd                              /lib/x86_64-linux-gnu/libc.so.6
backtrace_symbols_fd@@GLIBC_2.2.5                 /lib/x86_64-linux-gnu/libc.so.6
backtrace_symbols_fd@GLIBC_2.2.5                  /lib/x86_64-linux-gnu/libc.so.6
basename                                          /lib/x86_64-linux-gnu/libc.so.6
basename@@GLIBC_2.2.5                             /lib/x86_64-linux-gnu/libc.so.6
basename@GLIBC_2.2.5                              /lib/x86_64-linux-gnu/libc.so.6
bcmp                                              /lib/x86_64-linux-gnu/libc.so.6
bcmp@@GLIBC_2.2.5                                 /lib/x86_64-linux-gnu/libc.so.6
bcmp@GLIBC_2.2.5                                  /lib/x86_64-linux-gnu/libc.so.6
bind                                              /lib/x86_64-linux-gnu/libc.so.6
bind@@GLIBC_2.2.5                                 /lib/x86_64-linux-gnu/libc.so.6
bind@GLIBC_2.2.5                                  /lib/x86_64-linux-gnu/libc.so.6
bind_textdomain_codeset                           /lib/x86_64-linux-gnu/libc.so.6
bind_textdomain_codeset@@GLIBC_2.2.5              /lib/x86_64-linux-gnu/libc.so.6
bind_textdomain_codeset@GLIBC_2.2.5               /lib/x86_64-linux-gnu/libc.so.6
bindtextdomain                                    /lib/x86_64-linux-gnu/libc.so.6
bindtextdomain@@GLIBC_2.2.5                       /lib/x86_64-linux-gnu/libc.so.6
bindtextdomain@GLIBC_2.2.5                        /lib/x86_64-linux-gnu/libc.so.6
brk                                               /lib/x86_64-linux-gnu/libc.so.6
brk@@GLIBC_2.2.5                                  /lib/x86_64-linux-gnu/libc.so.6
brk@GLIBC_2.2.5                                   /lib/x86_64-linux-gnu/libc.so.6
bsd_signal                                        /lib/x86_64-linux-gnu/libc.so.6
bsd_signal@@GLIBC_2.2.5                           /lib/x86_64-linux-gnu/libc.so.6
bsd_signal@GLIBC_2.2.5                            /lib/x86_64-linux-gnu/libc.so.6
btowc                                             /lib/x86_64-linux-gnu/libc.so.6
btowc@@GLIBC_2.2.5                                /lib/x86_64-linux-gnu/libc.so.6
btowc@GLIBC_2.2.5                                 /lib/x86_64-linux-gnu/libc.so.6
bzero                                             /lib/x86_64-linux-gnu/libc.so.6
bzero@@GLIBC_2.2.5                                /lib/x86_64-linux-gnu/libc.so.6
bzero@GLIBC_2.2.5                                 /lib/x86_64-linux-gnu/libc.so.6
calloc                                            /lib/x86_64-linux-gnu/libc.so.6
calloc@@GLIBC_2.2.5                               /lib/x86_64-linux-gnu/libc.so.6
                                                  /lib/x86_64-linux-gnu/ld-linux-x86-64.so.2
calloc@GLIBC_2.2.5                                /lib/x86_64-linux-gnu/libc.so.6
canonicalize_file_name                            /lib/x86_64-linux-gnu/libc.so.6
canonicalize_file_name@@GLIBC_2.2.5               /lib/x86_64-linux-gnu/libc.so.6
canonicalize_file_name@GLIBC_2.2.5                /lib/x86_64-linux-gnu/libc.so.6
chdir                                             /lib/x86_64-linux-gnu/libc.so.6
chdir@@GLIBC_2.2.5                                /lib/x86_64-linux-gnu/libc.so.6
chdir@GLIBC_2.2.5                                 /lib/x86_64-linux-gnu/libc.so.6
chmod                                             /lib/x86_64-linux-gnu/libc.so.6
chmod@@GLIBC_2.2.5                                /lib/x86_64-linux-gnu/libc.so.6
chmod@GLIBC_2.2.5                                 /lib/x86_64-linux-gnu/libc.so.6
chown                                             /lib/x86_64-linux-gnu/libc.so.6
chown@@GLIBC_2.2.5                                /lib/x86_64-linux-gnu/libc.so.6
chown@GLIBC_2.2.5                                 /lib/x86_64-linux-gnu/libc.so.6
clearenv                                          /lib/x86_64-linux-gnu/libc.so.6
clearenv@@GLIBC_2.2.5                             /lib/x86_64-linux-gnu/libc.so.6
clearenv@GLIBC_2.2.5                              /lib/x86_64-linux-gnu/libc.so.6
clock_adjtime                                     /lib/x86_64-linux-gnu/libc.so.6
clock_adjtime@@GLIBC_2.14                         /lib/x86_64-linux-gnu/libc.so.6
clock_adjtime@GLIBC_2.14                          /lib/x86_64-linux-gnu/libc.so.6
clone                                             /lib/x86_64-linux-gnu/libc.so.6
clone@@GLIBC_2.2.5                                /lib/x86_64-linux-gnu/libc.so.6
clone@GLIBC_2.2.5                                 /lib/x86_64-linux-gnu/libc.so.6
close                                             /lib/x86_64-linux-gnu/libc.so.6
close@@GLIBC_2.2.5                                /lib/x86_64-linux-gnu/libc.so.6
close@GLIBC_2.2.5                                 /lib/x86_64-linux-gnu/libc.so.6